Microchip MPLAB XC8 Compiler V2.30

Linker command line:

-W-3 --edf=C:\Program Files\Microchip\xc8\v2.30\pic\dat\en_msgs.txt -cn \
  -h+dist/default/production\ros2_motor_driver.X.production.sym \
  --cmf=dist/default/production\ros2_motor_driver.X.production.cmf -z \
  -Q16F1619 -oC:\Users\johns\AppData\Local\Temp\s5cgx2 \
  --defsym=__MPLAB_BUILD=1 \
  -Mdist/default/production/ros2_motor_driver.X.production.map -E1 \
  -ver=XC8 Compiler --acfsm=1493 -ASTACK=02123h-023EFh -pstack=STACK \
  -ACODE=00h-07FFhx4 -ASTRCODE=00h-01FFFh -ASTRING=00h-0FFhx32 \
  -ACONST=00h-0FFhx32 -AENTRY=00h-0FFhx32 -ACOMMON=070h-07Fh \
  -ABANK0=020h-06Fh -ABANK1=0A0h-0EFh -ABANK2=0120h-016Fh \
  -ABANK3=01A0h-01EFh -ABANK4=0220h-026Fh -ABANK5=02A0h-02EFh \
  -ABANK6=0320h-036Fh -ABANK7=03A0h-03EFh -ABANK8=0420h-046Fh \
  -ABANK9=04A0h-04EFh -ABANK10=0520h-056Fh -ABANK11=05A0h-05EFh \
  -ABANK12=0620h-064Fh -ABIGRAM=02000h-023EFh \
  -ARAM=020h-06Fh,0A0h-0EFh,0120h-016Fh,01A0h-01EFh,0220h-026Fh,02A0h-02EFh,0320h-036Fh,03A0h-03EFh,0420h-046Fh,04A0h-04EFh,0520h-056Fh,05A0h-05EFh,0620h-064Fh \
  -AABS1=020h-07Fh,0A0h-0EFh,0120h-016Fh,01A0h-01EFh,0220h-026Fh,02A0h-02EFh,0320h-036Fh,03A0h-03EFh,0420h-046Fh,04A0h-04EFh,0520h-056Fh,05A0h-05EFh,0620h-064Fh \
  -ASFR0=00h-01Fh -ASFR1=080h-09Fh -ASFR2=0100h-011Fh -ASFR3=0180h-019Fh \
  -ASFR4=0200h-021Fh -ASFR5=0280h-029Fh -ASFR6=0300h-031Fh \
  -ASFR7=0380h-039Fh -ASFR8=0400h-041Fh -ASFR9=0480h-049Fh \
  -ASFR10=0500h-051Fh -ASFR11=0580h-059Fh -ASFR12=0600h-061Fh \
  -ASFR13=0680h-06EFh -ASFR14=0700h-076Fh -ASFR15=0780h-07EFh \
  -ASFR16=0800h-086Fh -ASFR17=0880h-08EFh -ASFR18=0900h-096Fh \
  -ASFR19=0980h-09EFh -ASFR20=0A00h-0A6Fh -ASFR21=0A80h-0AEFh \
  -ASFR22=0B00h-0B6Fh -ASFR23=0B80h-0BEFh -ASFR24=0C00h-0C6Fh \
  -ASFR25=0C80h-0CEFh -ASFR26=0D00h-0D6Fh -ASFR27=0D80h-0DEFh \
  -ASFR28=0E00h-0E6Fh -ASFR29=0E80h-0EEFh -ASFR30=0F00h-0F6Fh \
  -ASFR31=0F80h-0FEFh -ACONFIG=08007h-08009h -DCONFIG=2 \
  -AIDLOC=08000h-08003h -DIDLOC=2 -DCODE=2 -DSTRCODE=2 -DSTRING=2 -DCONST=2 \
  -DENTRY=2 -preset_vec=00h,intentry=04h,init,end_init -ppowerup=CODE \
  -pcinit=CODE -pfunctab=ENTRY -k \
  C:\Users\johns\AppData\Local\Temp\s5cgxg.o \
  dist/default/production\ros2_motor_driver.X.production.o 

Object code version is 3.11

Machine type is 16F1619



                Name                               Link     Load   Length Selector   Space Scale
C:\Users\johns\AppData\Local\Temp\s5cgxg.o
                end_init                             34       34        2        8       0
                reset_vec                             0        0        2        0       0
                config                             8007     8007        3        0       4
dist/default/production\ros2_motor_driver.X.production.o
                cinit                                36       36       28        8       0
                intentry                              4        4       30        8       0
                config                             8007     8007        3        0       4
                text57                              7FD      7FD        1        8       0
                text56                              AB2      AB2       25     1564       0
                text55                              88C      88C        9     1118       0
                text54                              8C2      8C2        A     1184       0
                text53                              8EC      8EC        E     11D8       0
                text52                              EA4      EA4       90     1D48       0
                text51                              B2D      B2D       33     165A       0
                text50                              CC6      CC6       59     198C       0
                text49                              909      909       11     1212       0
                text48                              92C      92C       16     1258       0
                text46                              895      895        9     112A       0
                text45                              89E      89E        9     113C       0
                text44                              8A7      8A7        9     114E       0
                text43                              AD7      AD7       25     15AE       0
                text42                              877      877        7     10EE       0
                text41                              8B0      8B0        9     1160       0
                text40                              C3C      C3C       45     1878       0
                text39                              8D6      8D6        B     11AC       0
                text38                              8E1      8E1        B     11C2       0
                text37                              865      865        6     10CA       0
                text36                              942      942       16     1284       0
                text35                              8B9      8B9        9     1172       0
                text34                              9EF      9EF       1E     13DE       0
                text33                              958      958       16     12B0       0
                text32                              96E      96E       19     12DC       0
                text31                              987      987       19     130E       0
                text30                              3B5      3B5      11E        8       0
                text29                              5F0      5F0       F4        8       0
                text28                              9D3      9D3       1C     13A6       0
                text27                              8CC      8CC        A     1198       0
                text26                              87E      87E        7     10FC       0
                text25                              BFB      BFB       41     17F6       0
                text24                              7D1      7D1       2C        8       0
                text23                              9B9      9B9       1A     1372       0
                text22                              E3D      E3D       67     1C7A       0
                text21                              241      241      174        8       0
                text20                              6E4      6E4       ED        8       0
                text19                              4D3      4D3      11D        8       0
                text18                              AFC      AFC       31     15F8       0
                text17                              91A      91A       12     1234       0
                text16                              D1F      D1F       5C     1A3E       0
                text15                              A4C      A4C       21     1498       0
                text14                              A2C      A2C       20     1458       0
                text13                              9A0      9A0       19     1340       0
                text12                              A6D      A6D       22     14DA       0
                text11                              F34      F34       CC     1E68       0
                text10                              B60      B60       33     16C0       0
                text9                               D7B      D7B       5C     1AF6       0
                text8                               A0D      A0D       1F     141A       0
                text7                               B93      B93       34     1726       0
                text6                               BC7      BC7       34     178E       0
                text5                               DD7      DD7       66     1BAE       0
                text4                                5E       5E      1E3        8       0
                text3                               8FA      8FA        F     11F4       0
                text2                               861      861        4     10C2       0
                text1                               C81      C81       45     1902       0
                maintext                            A8F      A8F       23     151E       0
                cstackBANK0                          20       20       24       20       1
                cstackCOMMON                         70       70        D       70       1
                cstackBANK1                          A0       A0       50       A0       1
                cstackBANK2                         159      159        9      120       1
                cstackBANK3                         1C0      1C0       13      1A0       1
                clrtext                             86B      86B        6     10D6       0
                inittext                            871      871        6     10E2       0
                bssBANK3                            1A0      1A0       20      1A0       1
                dataBANK2                           162      162        7      120       1
                bssBANK2                            120      120       2F      120       1
                bssBANK0                             44       44       12       20       1
                stringtext25                       11FB     11FB        5     2000       0
                stringtext24                       11F6     11F6        5     2000       0
                stringtext23                       11F1     11F1        5     2000       0
                stringtext22                       11EA     11EA        7     2000       0
                stringtext21                       11E3     11E3        7     2000       0
                stringtext20                       11D8     11D8        B     2000       0
                stringtext19                       11CC     11CC        C     2000       0
                stringtext18                       11BE     11BE        E     2000       0
                stringtext17                       11B0     11B0        E     2000       0
                stringtext16                       11A1     11A1        F     2000       0
                stringtext15                       1191     1191       10     2000       0
                stringtext14                       117C     117C       15     2000       0
                stringtext13                       1167     1167       15     2000       0
                stringtext12                       1150     1150       17     2000       0
                stringtext11                       1139     1139       17     2000       0
                stringtext10                       111F     111F       1A     2000       0
                stringtext9                        1104     1104       1B     2000       0
                stringtext8                        10E8     10E8       1C     2000       0
                stringtext7                        10CB     10CB       1D     2000       0
                stringtext6                        10AE     10AE       1D     2000       0
                stringtext5                        1090     1090       1E     2000       0
                stringtext4                        1070     1070       20     2000       0
                stringtext3                        104F     104F       21     2000       0
                stringtext2                        102A     102A       25     2000       0
                stringtext1                        1000     1000       2A     2000       0
                nvBANK2                             14F      14F        A      120       1
                nvBANK0                              56       56        4       20       1
                idataBANK2                          885      885        7     110A       0

TOTAL           Name                               Link     Load   Length     Space
        CLASS   STACK          

        CLASS   CODE           
                end_init                             34       34        2         0
                cinit                                36       36       28         0
                intentry                              4        4       30         0
                reset_vec                             0        0        2         0
                text57                              7FD      7FD        1         0
                text56                              AB2      AB2       25         0
                text55                              88C      88C        9         0
                text54                              8C2      8C2        A         0
                text53                              8EC      8EC        E         0
                text52                              EA4      EA4       90         0
                text51                              B2D      B2D       33         0
                text50                              CC6      CC6       59         0
                text49                              909      909       11         0
                text48                              92C      92C       16         0
                text46                              895      895        9         0
                text45                              89E      89E        9         0
                text44                              8A7      8A7        9         0
                text43                              AD7      AD7       25         0
                text42                              877      877        7         0
                text41                              8B0      8B0        9         0
                text40                              C3C      C3C       45         0
                text39                              8D6      8D6        B         0
                text38                              8E1      8E1        B         0
                text37                              865      865        6         0
                text36                              942      942       16         0
                text35                              8B9      8B9        9         0
                text34                              9EF      9EF       1E         0
                text33                              958      958       16         0
                text32                              96E      96E       19         0
                text31                              987      987       19         0
                text30                              3B5      3B5      11E         0
                text29                              5F0      5F0       F4         0
                text28                              9D3      9D3       1C         0
                text27                              8CC      8CC        A         0
                text26                              87E      87E        7         0
                text25                              BFB      BFB       41         0
                text24                              7D1      7D1       2C         0
                text23                              9B9      9B9       1A         0
                text22                              E3D      E3D       67         0
                text21                              241      241      174         0
                text20                              6E4      6E4       ED         0
                text19                              4D3      4D3      11D         0
                text18                              AFC      AFC       31         0
                text17                              91A      91A       12         0
                text16                              D1F      D1F       5C         0
                text15                              A4C      A4C       21         0
                text14                              A2C      A2C       20         0
                text13                              9A0      9A0       19         0
                text12                              A6D      A6D       22         0
                text11                              F34      F34       CC         0
                text10                              B60      B60       33         0
                text9                               D7B      D7B       5C         0
                text8                               A0D      A0D       1F         0
                text7                               B93      B93       34         0
                text6                               BC7      BC7       34         0
                text5                               DD7      DD7       66         0
                text4                                5E       5E      1E3         0
                text3                               8FA      8FA        F         0
                text2                               861      861        4         0
                text1                               C81      C81       45         0
                maintext                            A8F      A8F       23         0
                clrtext                             86B      86B        6         0
                inittext                            871      871        6         0
                idataBANK2                          885      885        7         0

        CLASS   STRCODE        
                stringtext25                       11FB     11FB        5         0
                stringtext24                       11F6     11F6        5         0
                stringtext23                       11F1     11F1        5         0
                stringtext22                       11EA     11EA        7         0
                stringtext21                       11E3     11E3        7         0
                stringtext20                       11D8     11D8        B         0
                stringtext19                       11CC     11CC        C         0
                stringtext18                       11BE     11BE        E         0
                stringtext17                       11B0     11B0        E         0
                stringtext16                       11A1     11A1        F         0
                stringtext15                       1191     1191       10         0
                stringtext14                       117C     117C       15         0
                stringtext13                       1167     1167       15         0
                stringtext12                       1150     1150       17         0
                stringtext11                       1139     1139       17         0
                stringtext10                       111F     111F       1A         0
                stringtext9                        1104     1104       1B         0
                stringtext8                        10E8     10E8       1C         0
                stringtext7                        10CB     10CB       1D         0
                stringtext6                        10AE     10AE       1D         0
                stringtext5                        1090     1090       1E         0
                stringtext4                        1070     1070       20         0
                stringtext3                        104F     104F       21         0
                stringtext2                        102A     102A       25         0
                stringtext1                        1000     1000       2A         0

        CLASS   STRING         

        CLASS   CONST          

        CLASS   ENTRY          

        CLASS   COMMON         
                cstackCOMMON                         70       70        D         1

        CLASS   BANK0          
                cstackBANK0                          20       20       24         1
                bssBANK0                             44       44       12         1
                nvBANK0                              56       56        4         1

        CLASS   BANK1          
                cstackBANK1                          A0       A0       50         1

        CLASS   BANK2          
                cstackBANK2                         159      159        9         1
                dataBANK2                           162      162        7         1
                bssBANK2                            120      120       2F         1
                nvBANK2                             14F      14F        A         1

        CLASS   BANK3          
                cstackBANK3                         1C0      1C0       13         1
                bssBANK3                            1A0      1A0       20         1

        CLASS   BANK4          

        CLASS   BANK5          

        CLASS   BANK6          

        CLASS   BANK7          

        CLASS   BANK8          

        CLASS   BANK9          

        CLASS   BANK10         

        CLASS   BANK11         

        CLASS   BANK12         

        CLASS   BIGRAM         

        CLASS   RAM            

        CLASS   ABS1           
                abs_s1                               7E       7E        2         1

        CLASS   SFR0           

        CLASS   SFR1           

        CLASS   SFR2           

        CLASS   SFR3           

        CLASS   SFR4           

        CLASS   SFR5           

        CLASS   SFR6           

        CLASS   SFR7           

        CLASS   SFR8           

        CLASS   SFR9           

        CLASS   SFR10          

        CLASS   SFR11          

        CLASS   SFR12          

        CLASS   SFR13          

        CLASS   SFR14          

        CLASS   SFR15          

        CLASS   SFR16          

        CLASS   SFR17          

        CLASS   SFR18          

        CLASS   SFR19          

        CLASS   SFR20          

        CLASS   SFR21          

        CLASS   SFR22          

        CLASS   SFR23          

        CLASS   SFR24          

        CLASS   SFR25          

        CLASS   SFR26          

        CLASS   SFR27          

        CLASS   SFR28          

        CLASS   SFR29          

        CLASS   SFR30          

        CLASS   SFR31          

        CLASS   CONFIG         
                config                             8007     8007        3         4

        CLASS   IDLOC          

        CLASS   BANK31         

        CLASS   BANK30         

        CLASS   BANK29         

        CLASS   BANK28         

        CLASS   BANK27         

        CLASS   BANK26         

        CLASS   BANK25         

        CLASS   BANK24         

        CLASS   BANK23         

        CLASS   BANK22         

        CLASS   BANK21         

        CLASS   BANK20         

        CLASS   BANK19         

        CLASS   BANK18         

        CLASS   BANK17         

        CLASS   BANK16         

        CLASS   BANK15         

        CLASS   BANK14         

        CLASS   BANK13         

        CLASS   EEDATA         



SEGMENTS        Name                           Load    Length   Top    Selector   Space  Class     Delta

                reset_vec                      000000  000002  000002         0       0  CODE        2
                intentry                       000004  0007FA  0007FE         8       0  CODE        2
                cstackBANK0                    000020  00003A  00005A        20       1  BANK0       1
                cstackCOMMON                   000070  00000D  00007D        70       1  COMMON      1
                cstackBANK1                    0000A0  000050  0000F0        A0       1  BANK1       1
                bssBANK2                       000120  000049  000169       120       1  BANK2       1
                bssBANK3                       0001A0  000033  0001D3       1A0       1  BANK3       1
                text2                          000861  000004  000865      10C2       0  CODE        2
                text37                         000865  000006  00086B      10CA       0  CODE        2
                clrtext                        00086B  000006  000871      10D6       0  CODE        2
                inittext                       000871  000006  000877      10E2       0  CODE        2
                text42                         000877  000007  00087E      10EE       0  CODE        2
                text26                         00087E  000007  000885      10FC       0  CODE        2
                idataBANK2                     000885  000007  00088C      110A       0  CODE        2
                text55                         00088C  000009  000895      1118       0  CODE        2
                text46                         000895  000009  00089E      112A       0  CODE        2
                text45                         00089E  000009  0008A7      113C       0  CODE        2
                text44                         0008A7  000009  0008B0      114E       0  CODE        2
                text41                         0008B0  000009  0008B9      1160       0  CODE        2
                text35                         0008B9  000009  0008C2      1172       0  CODE        2
                text54                         0008C2  00000A  0008CC      1184       0  CODE        2
                text27                         0008CC  00000A  0008D6      1198       0  CODE        2
                text39                         0008D6  00000B  0008E1      11AC       0  CODE        2
                text38                         0008E1  00000B  0008EC      11C2       0  CODE        2
                text53                         0008EC  00000E  0008FA      11D8       0  CODE        2
                text3                          0008FA  00000F  000909      11F4       0  CODE        2
                text49                         000909  000011  00091A      1212       0  CODE        2
                text17                         00091A  000012  00092C      1234       0  CODE        2
                text48                         00092C  000016  000942      1258       0  CODE        2
                text36                         000942  000016  000958      1284       0  CODE        2
                text33                         000958  000016  00096E      12B0       0  CODE        2
                text32                         00096E  000019  000987      12DC       0  CODE        2
                text31                         000987  000019  0009A0      130E       0  CODE        2
                text13                         0009A0  000019  0009B9      1340       0  CODE        2
                text23                         0009B9  00001A  0009D3      1372       0  CODE        2
                text28                         0009D3  00001C  0009EF      13A6       0  CODE        2
                text34                         0009EF  00001E  000A0D      13DE       0  CODE        2
                text8                          000A0D  00001F  000A2C      141A       0  CODE        2
                text14                         000A2C  000020  000A4C      1458       0  CODE        2
                text15                         000A4C  000021  000A6D      1498       0  CODE        2
                text12                         000A6D  000022  000A8F      14DA       0  CODE        2
                maintext                       000A8F  000023  000AB2      151E       0  CODE        2
                text56                         000AB2  000025  000AD7      1564       0  CODE        2
                text43                         000AD7  000025  000AFC      15AE       0  CODE        2
                text18                         000AFC  000031  000B2D      15F8       0  CODE        2
                text51                         000B2D  000033  000B60      165A       0  CODE        2
                text10                         000B60  000033  000B93      16C0       0  CODE        2
                text7                          000B93  000034  000BC7      1726       0  CODE        2
                text6                          000BC7  000034  000BFB      178E       0  CODE        2
                text25                         000BFB  000041  000C3C      17F6       0  CODE        2
                text40                         000C3C  000045  000C81      1878       0  CODE        2
                text1                          000C81  000045  000CC6      1902       0  CODE        2
                text50                         000CC6  000059  000D1F      198C       0  CODE        2
                text16                         000D1F  00005C  000D7B      1A3E       0  CODE        2
                text9                          000D7B  00005C  000DD7      1AF6       0  CODE        2
                text5                          000DD7  000066  000E3D      1BAE       0  CODE        2
                text22                         000E3D  000067  000EA4      1C7A       0  CODE        2
                text52                         000EA4  000090  000F34      1D48       0  CODE        2
                text11                         000F34  0000CC  001000      1E68       0  CODE        2
                stringtext1                    001000  000200  001200      2000       0  STRCODE     2


UNUSED ADDRESS RANGES

        Name                Unused          Largest block    Delta
        BANK0            0005A-0006F              16           1
        BANK10           00520-0056F              50           1
        BANK11           005A0-005EF              50           1
        BANK12           00620-0064F              30           1
        BANK2            00169-0016F               7           1
        BANK3            001D3-001EF              1D           1
        BANK4            00220-0026F              50           1
        BANK5            002A0-002EF              50           1
        BANK6            00320-0036F              50           1
        BANK7            003A0-003EF              50           1
        BANK8            00420-0046F              50           1
        BANK9            004A0-004EF              50           1
        BIGRAM           02000-023EF             3F0           1
        CODE             00002-00003               2           2
                         007FE-00860               2
                         01200-01FFF             600
        COMMON           0007D-0007D               1           1
        CONST            00002-00003               2           2
                         007FE-00860               2
                         01200-01FFF             100
        ENTRY            00002-00003               2           2
                         007FE-00860               2
                         01200-01FFF             100
        IDLOC            08000-08003               4           2
        RAM              0005A-0006F              16           1
                         00169-0016F               7
                         001D3-001EF              1D
                         00220-0026F              50
                         002A0-002EF              50
                         00320-0036F              50
                         003A0-003EF              50
                         00420-0046F              50
                         004A0-004EF              50
                         00520-0056F              50
                         005A0-005EF              50
                         00620-0064F              30
        SFR0             00000-0001F              20           1
        SFR1             00080-0009F              20           1
        SFR10            00500-0051F              20           1
        SFR11            00580-0059F              20           1
        SFR12            00600-0061F              20           1
        SFR13            00680-006EF              70           1
        SFR14            00700-0076F              70           1
        SFR15            00780-007EF              70           1
        SFR16            00800-0086F              70           1
        SFR17            00880-008EF              70           1
        SFR18            00900-0096F              70           1
        SFR19            00980-009EF              70           1
        SFR2             00100-0011F              20           1
        SFR20            00A00-00A6F              70           1
        SFR21            00A80-00AEF              70           1
        SFR22            00B00-00B6F              70           1
        SFR23            00B80-00BEF              70           1
        SFR24            00C00-00C6F              70           1
        SFR25            00C80-00CEF              70           1
        SFR26            00D00-00D6F              70           1
        SFR27            00D80-00DEF              70           1
        SFR28            00E00-00E6F              70           1
        SFR29            00E80-00EEF              70           1
        SFR3             00180-0019F              20           1
        SFR30            00F00-00F6F              70           1
        SFR31            00F80-00FEF              70           1
        SFR4             00200-0021F              20           1
        SFR5             00280-0029F              20           1
        SFR6             00300-0031F              20           1
        SFR7             00380-0039F              20           1
        SFR8             00400-0041F              20           1
        SFR9             00480-0049F              20           1
        STACK            02123-023EF             2CD           1
        STRCODE          00002-00003               2           2
                         007FE-00860              63
                         01200-01FFF             E00
        STRING           00002-00003               2           2
                         007FE-00860               2
                         01200-01FFF             100

                                  Symbol Table

?___aldiv                                      cstackBANK0  00020
?___aodiv                                      cstackBANK1  000A0
?___aomod                                      cstackBANK1  000A0
?___lmul                                       cstackCOMMON 00070
?___wmul                                       cstackBANK0  00036
?_abs                                          cstackBANK0  00039
?_atoi                                         cstackBANK0  0003C
?_dtoa                                         cstackBANK1  000B0
?_isdigit                                      cstackBANK0  00036
?_isspace                                      cstackBANK0  00036
?_pad                                          cstackBANK1  000A4
?_printf                                       cstackBANK1  000E8
?_stoa                                         cstackBANK0  00040
?_strchr                                       cstackBANK0  00036
?_strcmp                                       cstackBANK0  00036
?_strcspn                                      cstackBANK0  0003D
?_strlen                                       cstackBANK0  00036
?_strncmp                                      cstackBANK0  00036
?_strspn                                       cstackBANK0  0003D
?_vfpfcnvrt                                    cstackBANK1  000CE
?_vfprintf                                     cstackBANK1  000E0
EUSART_SetErrorHandler@interruptHandler        cstackBANK0  00036
EUSART_SetFramingErrorHandler@interruptHandler cstackBANK0  00036
EUSART_SetOverrunErrorHandler@interruptHandler cstackBANK0  00036
EUSART_Write@txData                            cstackBANK0  00036
IOCAF0_SetInterruptHandler@InterruptHandler    cstackBANK0  00036
Motor_Start@target_rpm                         cstackBANK2  00159
PWM3_LoadDutyValue@dutyValue                   cstackBANK0  00036
PWM4_LoadDutyValue@dutyValue                   cstackBANK0  00036
TMR2_SetInterruptHandler@InterruptHandler      cstackBANK0  00036
TMR3_DefaultInterruptHandler@delta             cstackBANK0  00032
TMR3_DefaultInterruptHandler@last_ticks        bssBANK2     00128
TMR3_SetInterruptHandler@InterruptHandler      cstackBANK0  00036
TMR3_WriteTimer@timerVal                       cstackCOMMON 00070
UART_CommandProcess@c                          cstackBANK2  0015F
_ANSELA                                        (abs)        0018C
_ANSELB                                        (abs)        0018D
_ANSELC                                        (abs)        0018E
_BAUD1CON                                      (abs)        0019F
_BORCON                                        (abs)        00116
_CCPTMRSbits                                   (abs)        0029E
_EUSART_DefaultErrorHandler                    (abs)        00000
_EUSART_DefaultFramingErrorHandler             (abs)        00000
_EUSART_DefaultOverrunErrorHandler             (abs)        00000
_EUSART_ErrorHandler                           nvBANK2      00153
_EUSART_FramingErrorHandler                    nvBANK2      00157
_EUSART_Initialize                             text43       00AD7
_EUSART_OverrunErrorHandler                    nvBANK2      00155
_EUSART_Read                                   text3        008FA
_EUSART_SetErrorHandler                        text46       00895
_EUSART_SetFramingErrorHandler                 text45       0089E
_EUSART_SetOverrunErrorHandler                 text44       008A7
_EUSART_Write                                  text27       008CC
_INLVLA                                        (abs)        0038C
_INLVLB                                        (abs)        0038D
_INLVLC                                        (abs)        0038E
_INTCONbits                                    (abs)        0000B
_INTERRUPT_InterruptManager                    intentry     00004
_IOCAF0_DefaultInterruptHandler                text57       007FD
_IOCAF0_ISR                                    text56       00AB2
_IOCAF0_InterruptHandler                       nvBANK2      00151
_IOCAF0_SetInterruptHandler                    text41       008B0
_IOCAFbits                                     (abs)        00393
_IOCANbits                                     (abs)        00392
_IOCAPbits                                     (abs)        00391
_LATA                                          (abs)        0010C
_LATB                                          (abs)        0010D
_LATC                                          (abs)        0010E
_LATCbits                                      (abs)        0010E
_Motor_Start                                   text16       00D1F
_Motor_Stop                                    text15       00A4C
_ODCONA                                        (abs)        0028C
_ODCONB                                        (abs)        0028D
_ODCONC                                        (abs)        0028E
_OPTION_REGbits                                (abs)        00095
_OSCCON                                        (abs)        00099
_OSCILLATOR_Initialize                         text42       00877
_OSCTUNE                                       (abs)        00098
_PIE1bits                                      (abs)        00090
_PIE5bits                                      (abs)        00094
_PIN_MANAGER_IOC                               text55       0088C
_PIN_MANAGER_Initialize                        text40       00C3C
_PIR1bits                                      (abs)        00010
_PIR5bits                                      (abs)        00014
_PORTAbits                                     (abs)        0000C
_PR2                                           (abs)        0001B
_PWM3CON                                       (abs)        00619
_PWM3DCH                                       (abs)        00618
_PWM3DCL                                       (abs)        00617
_PWM3_Initialize                               text39       008D6
_PWM3_LoadDutyValue                            text32       0096E
_PWM4CON                                       (abs)        0061C
_PWM4DCH                                       (abs)        0061B
_PWM4DCL                                       (abs)        0061A
_PWM4_Initialize                               text38       008E1
_PWM4_LoadDutyValue                            text31       00987
_RA2PPS                                        (abs)        00E92
_RB7PPS                                        (abs)        00E9F
_RC0PPS                                        (abs)        00EA0
_RC1REG                                        (abs)        00199
_RC1STA                                        (abs)        0019D
_RC1STAbits                                    (abs)        0019D
_RXPPS                                         (abs)        00E24
_SLRCONA                                       (abs)        0030C
_SLRCONB                                       (abs)        0030D
_SLRCONC                                       (abs)        0030E
_SPBRGH                                        (abs)        0019C
_SPBRGL                                        (abs)        0019B
_SYSTEM_Initialize                             text33       00958
_T2CLKCON                                      (abs)        0001E
_T2CON                                         (abs)        0001C
_T2CONbits                                     (abs)        0001C
_T2HLT                                         (abs)        0001D
_T2HLTbits                                     (abs)        0001D
_T2PR                                          (abs)        0001B
_T2RST                                         (abs)        0001F
_T2RSTbits                                     (abs)        0001F
_T2TMR                                         (abs)        0001A
_T3CON                                         (abs)        00495
_T3CONbits                                     (abs)        00495
_T3GCON                                        (abs)        00496
_T3GCONbits                                    (abs)        00496
_TMR2                                          (abs)        0001A
_TMR2_DefaultInterruptHandler                  text54       008C2
_TMR2_ISR                                      text53       008EC
_TMR2_Initialize                               text36       00942
_TMR2_InterruptHandler                         nvBANK0      00058
_TMR2_SetInterruptHandler                      text37       00865
_TMR3H                                         (abs)        00494
_TMR3L                                         (abs)        00493
_TMR3_DefaultInterruptHandler                  text50       00CC6
_TMR3_ISR                                      text48       0092C
_TMR3_Initialize                               text34       009EF
_TMR3_InterruptHandler                         nvBANK2      0014F
_TMR3_SetInterruptHandler                      text35       008B9
_TMR3_WriteTimer                               text49       00909
_TRISA                                         (abs)        0008C
_TRISB                                         (abs)        0008D
_TRISC                                         (abs)        0008E
_TX1REG                                        (abs)        0019A
_TX1STA                                        (abs)        0019E
_TX1STAbits                                    (abs)        0019E
_UART_CommandProcess                           text1        00C81
_WPUA                                          (abs)        0020C
_WPUB                                          (abs)        0020D
_WPUC                                          (abs)        0020E
__Habs1                                        abs1         00000
__Hbank0                                       bank0        00000
__Hbank1                                       bank1        00000
__Hbank10                                      bank10       00000
__Hbank11                                      bank11       00000
__Hbank12                                      bank12       00000
__Hbank13                                      bank13       00000
__Hbank14                                      bank14       00000
__Hbank15                                      bank15       00000
__Hbank16                                      bank16       00000
__Hbank17                                      bank17       00000
__Hbank18                                      bank18       00000
__Hbank19                                      bank19       00000
__Hbank2                                       bank2        00000
__Hbank20                                      bank20       00000
__Hbank21                                      bank21       00000
__Hbank22                                      bank22       00000
__Hbank23                                      bank23       00000
__Hbank24                                      bank24       00000
__Hbank25                                      bank25       00000
__Hbank26                                      bank26       00000
__Hbank27                                      bank27       00000
__Hbank28                                      bank28       00000
__Hbank29                                      bank29       00000
__Hbank3                                       bank3        00000
__Hbank30                                      bank30       00000
__Hbank31                                      bank31       00000
__Hbank4                                       bank4        00000
__Hbank5                                       bank5        00000
__Hbank6                                       bank6        00000
__Hbank7                                       bank7        00000
__Hbank8                                       bank8        00000
__Hbank9                                       bank9        00000
__Hbigram                                      bigram       00000
__HbssBANK0                                    bssBANK0     00000
__HbssBANK2                                    bssBANK2     00000
__HbssBANK3                                    bssBANK3     00000
__Hcinit                                       cinit        0005E
__Hclrtext                                     clrtext      00000
__Hcode                                        code         00000
__Hcommon                                      common       00000
__Hconfig                                      config       0800A
__HcstackBANK0                                 cstackBANK0  00000
__HcstackBANK1                                 cstackBANK1  00000
__HcstackBANK2                                 cstackBANK2  00000
__HcstackBANK3                                 cstackBANK3  00000
__HcstackCOMMON                                cstackCOMMON 00000
__HdataBANK2                                   dataBANK2    00000
__Heeprom_data                                 eeprom_data  00000
__Hend_init                                    end_init     00036
__Hfunctab                                     functab      00000
__HidataBANK2                                  idataBANK2   00000
__Hinit                                        init         00034
__Hinittext                                    inittext     00000
__Hintentry                                    intentry     00034
__Hmaintext                                    maintext     00000
__HnvBANK0                                     nvBANK0      00000
__HnvBANK2                                     nvBANK2      00000
__Hpowerup                                     powerup      00000
__Hram                                         ram          00000
__Hreset_vec                                   reset_vec    00002
__Hsfr0                                        sfr0         00000
__Hsfr1                                        sfr1         00000
__Hsfr10                                       sfr10        00000
__Hsfr11                                       sfr11        00000
__Hsfr12                                       sfr12        00000
__Hsfr13                                       sfr13        00000
__Hsfr14                                       sfr14        00000
__Hsfr15                                       sfr15        00000
__Hsfr16                                       sfr16        00000
__Hsfr17                                       sfr17        00000
__Hsfr18                                       sfr18        00000
__Hsfr19                                       sfr19        00000
__Hsfr2                                        sfr2         00000
__Hsfr20                                       sfr20        00000
__Hsfr21                                       sfr21        00000
__Hsfr22                                       sfr22        00000
__Hsfr23                                       sfr23        00000
__Hsfr24                                       sfr24        00000
__Hsfr25                                       sfr25        00000
__Hsfr26                                       sfr26        00000
__Hsfr27                                       sfr27        00000
__Hsfr28                                       sfr28        00000
__Hsfr29                                       sfr29        00000
__Hsfr3                                        sfr3         00000
__Hsfr30                                       sfr30        00000
__Hsfr31                                       sfr31        00000
__Hsfr4                                        sfr4         00000
__Hsfr5                                        sfr5         00000
__Hsfr6                                        sfr6         00000
__Hsfr7                                        sfr7         00000
__Hsfr8                                        sfr8         00000
__Hsfr9                                        sfr9         00000
__Hspace_0                                     (abs)        01200
__Hspace_1                                     (abs)        001D3
__Hspace_2                                     (abs)        00000
__Hspace_3                                     (abs)        00000
__Hspace_4                                     (abs)        10011
__Hstack                                       stack        00000
__Hstrings                                     strings      00000
__Hstringtext1                                 stringtext1  00000
__Hstringtext10                                stringtext10 00000
__Hstringtext11                                stringtext11 00000
__Hstringtext12                                stringtext12 00000
__Hstringtext13                                stringtext13 00000
__Hstringtext14                                stringtext14 00000
__Hstringtext15                                stringtext15 00000
__Hstringtext16                                stringtext16 00000
__Hstringtext17                                stringtext17 00000
__Hstringtext18                                stringtext18 00000
__Hstringtext19                                stringtext19 00000
__Hstringtext2                                 stringtext2  00000
__Hstringtext20                                stringtext20 00000
__Hstringtext21                                stringtext21 00000
__Hstringtext22                                stringtext22 00000
__Hstringtext23                                stringtext23 00000
__Hstringtext24                                stringtext24 00000
__Hstringtext25                                stringtext25 00000
__Hstringtext26                                stringtext26 00000
__Hstringtext3                                 stringtext3  00000
__Hstringtext4                                 stringtext4  00000
__Hstringtext5                                 stringtext5  00000
__Hstringtext6                                 stringtext6  00000
__Hstringtext7                                 stringtext7  00000
__Hstringtext8                                 stringtext8  00000
__Hstringtext9                                 stringtext9  00000
__Htext                                        text         00000
__Labs1                                        abs1         00000
__Lbank0                                       bank0        00000
__Lbank1                                       bank1        00000
__Lbank10                                      bank10       00000
__Lbank11                                      bank11       00000
__Lbank12                                      bank12       00000
__Lbank13                                      bank13       00000
__Lbank14                                      bank14       00000
__Lbank15                                      bank15       00000
__Lbank16                                      bank16       00000
__Lbank17                                      bank17       00000
__Lbank18                                      bank18       00000
__Lbank19                                      bank19       00000
__Lbank2                                       bank2        00000
__Lbank20                                      bank20       00000
__Lbank21                                      bank21       00000
__Lbank22                                      bank22       00000
__Lbank23                                      bank23       00000
__Lbank24                                      bank24       00000
__Lbank25                                      bank25       00000
__Lbank26                                      bank26       00000
__Lbank27                                      bank27       00000
__Lbank28                                      bank28       00000
__Lbank29                                      bank29       00000
__Lbank3                                       bank3        00000
__Lbank30                                      bank30       00000
__Lbank31                                      bank31       00000
__Lbank4                                       bank4        00000
__Lbank5                                       bank5        00000
__Lbank6                                       bank6        00000
__Lbank7                                       bank7        00000
__Lbank8                                       bank8        00000
__Lbank9                                       bank9        00000
__Lbigram                                      bigram       00000
__LbssBANK0                                    bssBANK0     00000
__LbssBANK2                                    bssBANK2     00000
__LbssBANK3                                    bssBANK3     00000
__Lcinit                                       cinit        00036
__Lclrtext                                     clrtext      00000
__Lcode                                        code         00000
__Lcommon                                      common       00000
__Lconfig                                      config       00000
__LcstackBANK0                                 cstackBANK0  00000
__LcstackBANK1                                 cstackBANK1  00000
__LcstackBANK2                                 cstackBANK2  00000
__LcstackBANK3                                 cstackBANK3  00000
__LcstackCOMMON                                cstackCOMMON 00000
__LdataBANK2                                   dataBANK2    00000
__Leeprom_data                                 eeprom_data  00000
__Lend_init                                    end_init     00034
__Lfunctab                                     functab      00000
__LidataBANK2                                  idataBANK2   00000
__Linit                                        init         00034
__Linittext                                    inittext     00000
__Lintentry                                    intentry     00004
__Lmaintext                                    maintext     00000
__LnvBANK0                                     nvBANK0      00000
__LnvBANK2                                     nvBANK2      00000
__Lpowerup                                     powerup      00000
__Lram                                         ram          00000
__Lreset_vec                                   reset_vec    00000
__Lsfr0                                        sfr0         00000
__Lsfr1                                        sfr1         00000
__Lsfr10                                       sfr10        00000
__Lsfr11                                       sfr11        00000
__Lsfr12                                       sfr12        00000
__Lsfr13                                       sfr13        00000
__Lsfr14                                       sfr14        00000
__Lsfr15                                       sfr15        00000
__Lsfr16                                       sfr16        00000
__Lsfr17                                       sfr17        00000
__Lsfr18                                       sfr18        00000
__Lsfr19                                       sfr19        00000
__Lsfr2                                        sfr2         00000
__Lsfr20                                       sfr20        00000
__Lsfr21                                       sfr21        00000
__Lsfr22                                       sfr22        00000
__Lsfr23                                       sfr23        00000
__Lsfr24                                       sfr24        00000
__Lsfr25                                       sfr25        00000
__Lsfr26                                       sfr26        00000
__Lsfr27                                       sfr27        00000
__Lsfr28                                       sfr28        00000
__Lsfr29                                       sfr29        00000
__Lsfr3                                        sfr3         00000
__Lsfr30                                       sfr30        00000
__Lsfr31                                       sfr31        00000
__Lsfr4                                        sfr4         00000
__Lsfr5                                        sfr5         00000
__Lsfr6                                        sfr6         00000
__Lsfr7                                        sfr7         00000
__Lsfr8                                        sfr8         00000
__Lsfr9                                        sfr9         00000
__Lspace_0                                     (abs)        00000
__Lspace_1                                     (abs)        00000
__Lspace_2                                     (abs)        00000
__Lspace_3                                     (abs)        00000
__Lspace_4                                     (abs)        00000
__Lstack                                       stack        00000
__Lstrings                                     strings      00000
__Lstringtext1                                 stringtext1  00000
__Lstringtext10                                stringtext10 00000
__Lstringtext11                                stringtext11 00000
__Lstringtext12                                stringtext12 00000
__Lstringtext13                                stringtext13 00000
__Lstringtext14                                stringtext14 00000
__Lstringtext15                                stringtext15 00000
__Lstringtext16                                stringtext16 00000
__Lstringtext17                                stringtext17 00000
__Lstringtext18                                stringtext18 00000
__Lstringtext19                                stringtext19 00000
__Lstringtext2                                 stringtext2  00000
__Lstringtext20                                stringtext20 00000
__Lstringtext21                                stringtext21 00000
__Lstringtext22                                stringtext22 00000
__Lstringtext23                                stringtext23 00000
__Lstringtext24                                stringtext24 00000
__Lstringtext25                                stringtext25 00000
__Lstringtext26                                stringtext26 00000
__Lstringtext3                                 stringtext3  00000
__Lstringtext4                                 stringtext4  00000
__Lstringtext5                                 stringtext5  00000
__Lstringtext6                                 stringtext6  00000
__Lstringtext7                                 stringtext7  00000
__Lstringtext8                                 stringtext8  00000
__Lstringtext9                                 stringtext9  00000
__Ltext                                        text         00000
__S0                                           (abs)        01200
__S1                                           (abs)        001D3
__S2                                           (abs)        00000
___aldiv                                       text52       00EA4
___aldiv@counter                               cstackBANK0  00028
___aldiv@dividend                              cstackBANK0  00024
___aldiv@divisor                               cstackBANK0  00020
___aldiv@quotient                              cstackBANK0  0002A
___aldiv@sign                                  cstackBANK0  00029
___aodiv                                       text30       003B5
___aodiv@counter                               cstackBANK0  00037
___aodiv@dividend                              cstackBANK1  000A8
___aodiv@divisor                               cstackBANK1  000A0
___aodiv@quotient                              cstackBANK0  00039
___aodiv@sign                                  cstackBANK0  00038
___aomod                                       text29       005F0
___aomod@counter                               cstackBANK0  00037
___aomod@dividend                              cstackBANK1  000A8
___aomod@divisor                               cstackBANK1  000A0
___aomod@sign                                  cstackBANK0  00038
___int_sp                                      stack        00000
___latbits                                     (abs)        00002
___lmul                                        text51       00B2D
___lmul@multiplicand                           cstackCOMMON 00074
___lmul@multiplier                             cstackCOMMON 00070
___lmul@product                                cstackCOMMON 00078
___sp                                          stack        00000
___stackhi                                     (abs)        023EF
___stacklo                                     (abs)        02123
___wmul                                        text14       00A2C
___wmul@multiplicand                           cstackBANK0  00038
___wmul@multiplier                             cstackBANK0  00036
___wmul@product                                cstackBANK0  0003A
__end_of_EUSART_Initialize                     text43       00AFC
__end_of_EUSART_Read                           text3        00909
__end_of_EUSART_SetErrorHandler                text46       0089E
__end_of_EUSART_SetFramingErrorHandler         text45       008A7
__end_of_EUSART_SetOverrunErrorHandler         text44       008B0
__end_of_EUSART_Write                          text27       008D6
__end_of_INTERRUPT_InterruptManager            intentry     00034
__end_of_IOCAF0_DefaultInterruptHandler        text57       007FE
__end_of_IOCAF0_ISR                            text56       00AD7
__end_of_IOCAF0_SetInterruptHandler            text41       008B9
__end_of_Motor_Start                           text16       00D7B
__end_of_Motor_Stop                            text15       00A6D
__end_of_OSCILLATOR_Initialize                 text42       0087E
__end_of_PIN_MANAGER_IOC                       text55       00895
__end_of_PIN_MANAGER_Initialize                text40       00C81
__end_of_PWM3_Initialize                       text39       008E1
__end_of_PWM3_LoadDutyValue                    text32       00987
__end_of_PWM4_Initialize                       text38       008EC
__end_of_PWM4_LoadDutyValue                    text31       009A0
__end_of_SYSTEM_Initialize                     text33       0096E
__end_of_TMR2_DefaultInterruptHandler          text54       008CC
__end_of_TMR2_ISR                              text53       008FA
__end_of_TMR2_Initialize                       text36       00958
__end_of_TMR2_SetInterruptHandler              text37       0086B
__end_of_TMR3_DefaultInterruptHandler          text50       00D1F
__end_of_TMR3_ISR                              text48       00942
__end_of_TMR3_Initialize                       text34       00A0D
__end_of_TMR3_SetInterruptHandler              text35       008C2
__end_of_TMR3_WriteTimer                       text49       0091A
__end_of_UART_CommandProcess                   text1        00CC6
__end_of___aldiv                               text52       00F34
__end_of___aodiv                               text30       004D3
__end_of___aomod                               text29       006E4
__end_of___lmul                                text51       00B60
__end_of___wmul                                text14       00A4C
__end_of__initialization                       cinit        0005A
__end_of_abs                                   text28       009EF
__end_of_atoi                                  text11       01000
__end_of_dtoa                                  text21       003B5
__end_of_executeCommand                        text4        00241
__end_of_fputc                                 text25       00C3C
__end_of_fputs                                 text24       007FD
__end_of_getch                                 text2        00865
__end_of_isdigit                               text13       009B9
__end_of_isspace                               text12       00A8F
__end_of_main                                  maintext     00AB2
__end_of_pad                                   text22       00EA4
__end_of_printf                                text17       0092C
__end_of_putch                                 text26       00885
__end_of_stoa                                  text20       007D1
__end_of_strchr                                text8        00A2C
__end_of_strcmp                                text10       00B93
__end_of_strcspn                               text7        00BC7
__end_of_strlen                                text23       009D3
__end_of_strncmp                               text9        00DD7
__end_of_strspn                                text6        00BFB
__end_of_strtok                                text5        00E3D
__end_of_vfpfcnvrt                             text19       005F0
__end_of_vfprintf                              text18       00B2D
__initialization                               cinit        00036
__pbssBANK0                                    bssBANK0     00044
__pbssBANK2                                    bssBANK2     00120
__pbssBANK3                                    bssBANK3     001A0
__pcstackBANK0                                 cstackBANK0  00020
__pcstackBANK1                                 cstackBANK1  000A0
__pcstackBANK2                                 cstackBANK2  00159
__pcstackBANK3                                 cstackBANK3  001C0
__pcstackCOMMON                                cstackCOMMON 00070
__pdataBANK2                                   dataBANK2    00162
__pidataBANK2                                  idataBANK2   00885
__pintentry                                    intentry     00004
__pmaintext                                    maintext     00A8F
__pnvBANK0                                     nvBANK0      00056
__pnvBANK2                                     nvBANK2      0014F
__pstringtext1                                 stringtext1  01000
__pstringtext10                                stringtext10 0111F
__pstringtext11                                stringtext11 01139
__pstringtext12                                stringtext12 01150
__pstringtext13                                stringtext13 01167
__pstringtext14                                stringtext14 0117C
__pstringtext15                                stringtext15 01191
__pstringtext16                                stringtext16 011A1
__pstringtext17                                stringtext17 011B0
__pstringtext18                                stringtext18 011BE
__pstringtext19                                stringtext19 011CC
__pstringtext2                                 stringtext2  0102A
__pstringtext20                                stringtext20 011D8
__pstringtext21                                stringtext21 011E3
__pstringtext22                                stringtext22 011EA
__pstringtext23                                stringtext23 011F1
__pstringtext24                                stringtext24 011F6
__pstringtext25                                stringtext25 011FB
__pstringtext26                                stringtext26 00000
__pstringtext3                                 stringtext3  0104F
__pstringtext4                                 stringtext4  01070
__pstringtext5                                 stringtext5  01090
__pstringtext6                                 stringtext6  010AE
__pstringtext7                                 stringtext7  010CB
__pstringtext8                                 stringtext8  010E8
__pstringtext9                                 stringtext9  01104
__ptext1                                       text1        00C81
__ptext10                                      text10       00B60
__ptext11                                      text11       00F34
__ptext12                                      text12       00A6D
__ptext13                                      text13       009A0
__ptext14                                      text14       00A2C
__ptext15                                      text15       00A4C
__ptext16                                      text16       00D1F
__ptext17                                      text17       0091A
__ptext18                                      text18       00AFC
__ptext19                                      text19       004D3
__ptext2                                       text2        00861
__ptext20                                      text20       006E4
__ptext21                                      text21       00241
__ptext22                                      text22       00E3D
__ptext23                                      text23       009B9
__ptext24                                      text24       007D1
__ptext25                                      text25       00BFB
__ptext26                                      text26       0087E
__ptext27                                      text27       008CC
__ptext28                                      text28       009D3
__ptext29                                      text29       005F0
__ptext3                                       text3        008FA
__ptext30                                      text30       003B5
__ptext31                                      text31       00987
__ptext32                                      text32       0096E
__ptext33                                      text33       00958
__ptext34                                      text34       009EF
__ptext35                                      text35       008B9
__ptext36                                      text36       00942
__ptext37                                      text37       00865
__ptext38                                      text38       008E1
__ptext39                                      text39       008D6
__ptext4                                       text4        0005E
__ptext40                                      text40       00C3C
__ptext41                                      text41       008B0
__ptext42                                      text42       00877
__ptext43                                      text43       00AD7
__ptext44                                      text44       008A7
__ptext45                                      text45       0089E
__ptext46                                      text46       00895
__ptext48                                      text48       0092C
__ptext49                                      text49       00909
__ptext5                                       text5        00DD7
__ptext50                                      text50       00CC6
__ptext51                                      text51       00B2D
__ptext52                                      text52       00EA4
__ptext53                                      text53       008EC
__ptext54                                      text54       008C2
__ptext55                                      text55       0088C
__ptext56                                      text56       00AB2
__ptext57                                      text57       007FD
__ptext6                                       text6        00BC7
__ptext7                                       text7        00B93
__ptext8                                       text8        00A0D
__ptext9                                       text9        00D7B
__size_of_EUSART_Initialize                    (abs)        00000
__size_of_EUSART_Read                          (abs)        00000
__size_of_EUSART_SetErrorHandler               (abs)        00000
__size_of_EUSART_SetFramingErrorHandler        (abs)        00000
__size_of_EUSART_SetOverrunErrorHandler        (abs)        00000
__size_of_EUSART_Write                         (abs)        00000
__size_of_INTERRUPT_InterruptManager           (abs)        00000
__size_of_IOCAF0_DefaultInterruptHandler       (abs)        00000
__size_of_IOCAF0_ISR                           (abs)        00000
__size_of_IOCAF0_SetInterruptHandler           (abs)        00000
__size_of_Motor_Start                          (abs)        00000
__size_of_Motor_Stop                           (abs)        00000
__size_of_OSCILLATOR_Initialize                (abs)        00000
__size_of_PIN_MANAGER_IOC                      (abs)        00000
__size_of_PIN_MANAGER_Initialize               (abs)        00000
__size_of_PWM3_Initialize                      (abs)        00000
__size_of_PWM3_LoadDutyValue                   (abs)        00000
__size_of_PWM4_Initialize                      (abs)        00000
__size_of_PWM4_LoadDutyValue                   (abs)        00000
__size_of_SYSTEM_Initialize                    (abs)        00000
__size_of_TMR2_DefaultInterruptHandler         (abs)        00000
__size_of_TMR2_ISR                             (abs)        00000
__size_of_TMR2_Initialize                      (abs)        00000
__size_of_TMR2_SetInterruptHandler             (abs)        00000
__size_of_TMR3_DefaultInterruptHandler         (abs)        00000
__size_of_TMR3_ISR                             (abs)        00000
__size_of_TMR3_Initialize                      (abs)        00000
__size_of_TMR3_SetInterruptHandler             (abs)        00000
__size_of_TMR3_WriteTimer                      (abs)        00000
__size_of_UART_CommandProcess                  (abs)        00000
__size_of___aldiv                              (abs)        00000
__size_of___aodiv                              (abs)        00000
__size_of___aomod                              (abs)        00000
__size_of___lmul                               (abs)        00000
__size_of___wmul                               (abs)        00000
__size_of_abs                                  (abs)        00000
__size_of_atoi                                 (abs)        00000
__size_of_dtoa                                 (abs)        00000
__size_of_executeCommand                       (abs)        00000
__size_of_fputc                                (abs)        00000
__size_of_fputs                                (abs)        00000
__size_of_getch                                (abs)        00000
__size_of_isdigit                              (abs)        00000
__size_of_isspace                              (abs)        00000
__size_of_main                                 (abs)        00000
__size_of_pad                                  (abs)        00000
__size_of_printf                               (abs)        00000
__size_of_putch                                (abs)        00000
__size_of_stoa                                 (abs)        00000
__size_of_strchr                               (abs)        00000
__size_of_strcmp                               (abs)        00000
__size_of_strcspn                              (abs)        00000
__size_of_strlen                               (abs)        00000
__size_of_strncmp                              (abs)        00000
__size_of_strspn                               (abs)        00000
__size_of_strtok                               (abs)        00000
__size_of_vfpfcnvrt                            (abs)        00000
__size_of_vfprintf                             (abs)        00000
_abs                                           text28       009D3
_atoi                                          text11       00F34
_atoi$1577                                     cstackBANK1  000A2
_atoi$1578                                     cstackBANK1  000A6
_atoi$1579                                     cstackBANK1  000A4
_cmd_index                                     bssBANK2     00130
_command                                       bssBANK2     00131
_current_rpm                                   bssBANK0     00050
_dbuf                                          bssBANK3     001A0
_dtoa                                          text21       00241
_dtoa$1662                                     cstackBANK1  000BB
_en0                                           bssBANK0     00044
_eusartRxLastError                             bssBANK0     00055
_executeCommand                                text4        0005E
_flags                                         bssBANK0     0004E
_fputc                                         text25       00BFB
_fputs                                         text24       007D1
_getch                                         text2        00861
_isdigit                                       text13       009A0
_isspace                                       text12       00A6D
_isspace$1595                                  cstackBANK0  0003A
_main                                          maintext     00A8F
_milli_sec                                     bssBANK2     0012C
_nout                                          bssBANK0     00048
_pad                                           text22       00E3D
_prec                                          bssBANK0     0004C
_printf                                        text17       0091A
_putch                                         text26       0087E
_stoa                                          text20       006E4
_strchr                                        text8        00A0D
_strcmp                                        text10       00B60
_strcspn                                       text7        00B93
_strlen                                        text23       009B9
_strncmp                                       text9        00D7B
_strspn                                        text6        00BC7
_strtok                                        text5        00DD7
_timer3ReloadVal                               nvBANK0      00056
_vfpfcnvrt                                     text19       004D3
_vfprintf                                      text18       00AFC
_wheel_speed_rpm                               bssBANK0     00052
_width                                         bssBANK0     0004A
abs@a                                          cstackBANK0  00039
atoi@n                                         cstackBANK1  000A7
atoi@neg                                       cstackBANK1  000A0
atoi@s                                         cstackBANK1  000A9
btemp                                          (abs)        0007E
clear_ram0                                     clrtext      0086B
dtoa@d                                         cstackBANK1  000B0
dtoa@fp                                        cstackBANK1  000BD
[...]
      Params:         0       0       0       0       0       0       0       0       0       0       0       0       0       0
      Locals:         0       0       0       0       0       0       0       0       0       0       0       0       0       0
      Temps:          0       0       0       0       0       0       0       0       0       0       0       0       0       0
      Totals:         0       0       0       0       0       0       0       0       0       0       0       0       0       0
Total ram usage:        0 bytes
 Hardware stack levels used:    1
 Hardware stack levels required when called:    2
 This function calls:
		Absolute function
		_TMR3_DefaultInterruptHandler
		_TMR3_WriteTimer
 This function is called by:
		_INTERRUPT_InterruptManager
 This function uses a non-reentrant model


 *************** function _TMR3_WriteTimer *****************
 Defined at:
		line 120 in file "mcc_generated_files/tmr3.c"
 Parameters:    Size  Location     Type
  timerVal        2    0[COMMON] unsigned short 
 Auto vars:     Size  Location     Type
		None
 Return value:  Size  Location     Type
                  1    wreg      void 
 Registers used:
		wreg, status,2
 Tracked objects:
		On entry : 
		On exit  : 
		Unchanged: 
 Data sizes:     COMMON   BANK0   BANK1   BANK2   BANK3   BANK4   BANK5   BANK6   BANK7   BANK8   BANK9  BANK10  BANK11  BANK12
      Params:         2       0       0       0       0       0       0       0       0       0       0       0       0       0
      Locals:         0       0       0       0       0       0       0       0       0       0       0       0       0       0
      Temps:          0       0       0       0       0       0       0       0       0       0       0       0       0       0
      Totals:         2       0       0       0       0       0       0       0       0       0       0       0       0       0
Total ram usage:        2 bytes
 Hardware stack levels used:    1
 This function calls:
		Nothing
 This function is called by:
		_TMR3_ISR
		_TMR3_Reload
 This function uses a non-reentrant model


 *************** function _TMR3_DefaultInterruptHandler *****************
 Defined at:
		line 175 in file "mcc_generated_files/tmr3.c"
 Parameters:    Size  Location     Type
		None
 Auto vars:     Size  Location     Type
  delta           4   18[BANK0 ] long 
 Return value:  Size  Location     Type
                  1    wreg      void 
 Registers used:
		wreg, status,2, status,0, pclath, cstack
 Tracked objects:
		On entry : 
		On exit  : 
		Unchanged: 
 Data sizes:     COMMON   BANK0   BANK1   BANK2   BANK3   BANK4   BANK5   BANK6   BANK7   BANK8   BANK9  BANK10  BANK11  BANK12
      Params:         0       0       0       0       0       0       0       0       0       0       0       0       0       0
      Locals:         0       4       0       0       0       0       0       0       0       0       0       0       0       0
      Temps:          0       4       0       0       0       0       0       0       0       0       0       0       0       0
      Totals:         0       8       0       0       0       0       0       0       0       0       0       0       0       0
Total ram usage:        8 bytes
 Hardware stack levels used:    1
 Hardware stack levels required when called:    1
 This function calls:
		___aldiv
		___lmul
 This function is called by:
		_TMR3_Initialize
		_TMR3_ISR
 This function uses a non-reentrant model


 *************** function ___lmul *****************
 Defined at:
		line 15 in file "C:\Program Files\Microchip\xc8\v2.30\pic\sources\c99\common\Umul32.c"
 Parameters:    Size  Location     Type
  multiplier      4    0[COMMON] unsigned long 
  multiplicand    4    4[COMMON] unsigned long 
 Auto vars:     Size  Location     Type
  product         4    8[COMMON] unsigned long 
 Return value:  Size  Location     Type
                  4    0[COMMON] unsigned long 
 Registers used:
		wreg, status,2, status,0
 Tracked objects:
		On entry : 
		On exit  : 
		Unchanged: 
 Data sizes:     COMMON   BANK0   BANK1   BANK2   BANK3   BANK4   BANK5   BANK6   BANK7   BANK8   BANK9  BANK10  BANK11  BANK12
      Params:         8       0       0       0       0       0       0       0       0       0       0       0       0       0
      Locals:         4       0       0       0       0       0       0       0       0       0       0       0       0       0
      Temps:          0       0       0       0       0       0       0       0       0       0       0       0       0       0
      Totals:        12       0       0       0       0       0       0       0       0       0       0       0       0       0
Total ram usage:       12 bytes
 Hardware stack levels used:    1
 This function calls:
		Nothing
 This function is called by:
		_TMR3_DefaultInterruptHandler
 This function uses a non-reentrant model


 *************** function ___aldiv *****************
 Defined at:
		line 5 in file "C:\Program Files\Microchip\xc8\v2.30\pic\sources\c99\common\aldiv.c"
 Parameters:    Size  Location     Type
  divisor         4    0[BANK0 ] long 
  dividend        4    4[BANK0 ] long 
 Auto vars:     Size  Location     Type
  quotient        4   10[BANK0 ] long 
  sign            1    9[BANK0 ] unsigned char 
  counter         1    8[BANK0 ] unsigned char 
 Return value:  Size  Location     Type
                  4    0[BANK0 ] long 
 Registers used:
		wreg, status,2, status,0
 Tracked objects:
		On entry : 
		On exit  : 
		Unchanged: 
 Data sizes:     COMMON   BANK0   BANK1   BANK2   BANK3   BANK4   BANK5   BANK6   BANK7   BANK8   BANK9  BANK10  BANK11  BANK12
      Params:         0       8       0       0       0       0       0       0       0       0       0       0       0       0
      Locals:         0       6       0       0       0       0       0       0       0       0       0       0       0       0
      Temps:          1       0       0       0       0       0       0       0       0       0       0       0       0       0
      Totals:         1      14       0       0       0       0       0       0       0       0       0       0       0       0
Total ram usage:       15 bytes
 Hardware stack levels used:    1
 This function calls:
		Nothing
 This function is called by:
		_TMR3_DefaultInterruptHandler
 This function uses a non-reentrant model


 *************** function _TMR2_ISR *****************
 Defined at:
		line 165 in file "mcc_generated_files/tmr2.c"
 Parameters:    Size  Location     Type
		None
 Auto vars:     Size  Location     Type
		None
 Return value:  Size  Location     Type
                  1    wreg      void 
 Registers used:
		wreg, status,2, status,0, pclath, cstack
 Tracked objects:
		On entry : 
		On exit  : 
		Unchanged: 
 Data sizes:     COMMON   BANK0   BANK1   BANK2   BANK3   BANK4   BANK5   BANK6   BANK7   BANK8   BANK9  BANK10  BANK11  BANK12
      Params:         0       0       0       0       0       0       0       0       0       0       0       0       0       0
      Locals:         0       0       0       0       0       0       0       0       0       0       0       0       0       0
      Temps:          0       0       0       0       0       0       0       0       0       0       0       0       0       0
      Totals:         0       0       0       0       0       0       0       0       0       0       0       0       0       0
Total ram usage:        0 bytes
 Hardware stack levels used:    1
 Hardware stack levels required when called:    1
 This function calls:
		Absolute function
		_TMR2_DefaultInterruptHandler
 This function is called by:
		_INTERRUPT_InterruptManager
 This function uses a non-reentrant model


 *************** function _TMR2_DefaultInterruptHandler *****************
 Defined at:
		line 182 in file "mcc_generated_files/tmr2.c"
 Parameters:    Size  Location     Type
		None
 Auto vars:     Size  Location     Type
		None
 Return value:  Size  Location     Type
                  1    wreg      void 
 Registers used:
		wreg
 Tracked objects:
		On entry : 
		On exit  : 
		Unchanged: 
 Data sizes:     COMMON   BANK0   BANK1   BANK2   BANK3   BANK4   BANK5   BANK6   BANK7   BANK8   BANK9  BANK10  BANK11  BANK12
      Params:         0       0       0       0       0       0       0       0       0       0       0       0       0       0
      Locals:         0       0       0       0       0       0       0       0       0       0       0       0       0       0
      Temps:          0       0       0       0       0       0       0       0       0       0       0       0       0       0
      Totals:         0       0       0       0       0       0       0       0       0       0       0       0       0       0
Total ram usage:        0 bytes
 Hardware stack levels used:    1
 This function calls:
		Nothing
 This function is called by:
		_TMR2_Initialize
		_TMR2_ISR
 This function uses a non-reentrant model


 *************** function _PIN_MANAGER_IOC *****************
 Defined at:
		line 135 in file "mcc_generated_files/pin_manager.c"
 Parameters:    Size  Location     Type
		None
 Auto vars:     Size  Location     Type
		None
 Return value:  Size  Location     Type
                  1    wreg      void 
 Registers used:
		wreg, status,2, status,0, pclath, cstack
 Tracked objects:
		On entry : 
		On exit  : 
		Unchanged: 
 Data sizes:     COMMON   BANK0   BANK1   BANK2   BANK3   BANK4   BANK5   BANK6   BANK7   BANK8   BANK9  BANK10  BANK11  BANK12
      Params:         0       0       0       0       0       0       0       0       0       0       0       0       0       0
      Locals:         0       0       0       0       0       0       0       0       0       0       0       0       0       0
      Temps:          0       0       0       0       0       0       0       0       0       0       0       0       0       0
      Totals:         0       0       0       0       0       0       0       0       0       0       0       0       0       0
Total ram usage:        0 bytes
 Hardware stack levels used:    1
 Hardware stack levels required when called:    2
 This function calls:
		_IOCAF0_ISR
 This function is called by:
		_INTERRUPT_InterruptManager
 This function uses a non-reentrant model


 *************** function _IOCAF0_ISR *****************
 Defined at:
		line 147 in file "mcc_generated_files/pin_manager.c"
 Parameters:    Size  Location     Type
		None
 Auto vars:     Size  Location     Type
		None
 Return value:  Size  Location     Type
                  1    wreg      void 
 Registers used:
		wreg, status,2, status,0, pclath, cstack
 Tracked objects:
		On entry : 
		On exit  : 
		Unchanged: 
 Data sizes:     COMMON   BANK0   BANK1   BANK2   BANK3   BANK4   BANK5   BANK6   BANK7   BANK8   BANK9  BANK10  BANK11  BANK12
      Params:         0       0       0       0       0       0       0       0       0       0       0       0       0       0
      Locals:         0       0       0       0       0       0       0       0       0       0       0       0       0       0
      Temps:          0       0       0       0       0       0       0       0       0       0       0       0       0       0
      Totals:         0       0       0       0       0       0       0       0       0       0       0       0       0       0
Total ram usage:        0 bytes
 Hardware stack levels used:    1
 Hardware stack levels required when called:    1
 This function calls:
		Absolute function
		_IOCAF0_DefaultInterruptHandler
 This function is called by:
		_PIN_MANAGER_IOC
 This function uses a non-reentrant model


 *************** function _IOCAF0_DefaultInterruptHandler *****************
 Defined at:
		line 177 in file "mcc_generated_files/pin_manager.c"
 Parameters:    Size  Location     Type
		None
 Auto vars:     Size  Location     Type
		None
 Return value:  Size  Location     Type
                  1    wreg      void 
 Registers used:
		None
 Tracked objects:
		On entry : 
		On exit  : 
		Unchanged: 
 Data sizes:     COMMON   BANK0   BANK1   BANK2   BANK3   BANK4   BANK5   BANK6   BANK7   BANK8   BANK9  BANK10  BANK11  BANK12
      Params:         0       0       0       0       0       0       0       0       0       0       0       0       0       0
      Locals:         0       0       0       0       0       0       0       0       0       0       0       0       0       0
      Temps:          0       0       0       0       0       0       0       0       0       0       0       0       0       0
      Totals:         0       0       0       0       0       0       0       0       0       0       0       0       0       0
Total ram usage:        0 bytes
 Hardware stack levels used:    1
 This function calls:
		Nothing
 This function is called by:
		_PIN_MANAGER_Initialize
		_IOCAF0_ISR
 This function uses a non-reentrant model



MODULE INFORMATION

Module		Function		Class		Link	Load	Size
C:\Program Files\Microchip\xc8\v2.30\pic\sources\c99\common\aomod.c
		___aomod       		CODE           	05F0	0000	244

C:\Program Files\Microchip\xc8\v2.30\pic\sources\c99\common\aomod.c estimated size: 244

C:\Program Files\Microchip\xc8\v2.30\pic\sources\c99\common\abs.c
		_abs           		CODE           	09D3	0000	28

C:\Program Files\Microchip\xc8\v2.30\pic\sources\c99\common\abs.c estimated size: 28

C:\Program Files\Microchip\xc8\v2.30\pic\sources\c99\common\atoi.c
		_atoi          		CODE           	0F34	0000	204

C:\Program Files\Microchip\xc8\v2.30\pic\sources\c99\common\atoi.c estimated size: 204

C:\Program Files\Microchip\xc8\v2.30\pic\sources\c99\common\doprnt.c
		_vfpfcnvrt     		CODE           	04D3	0000	285
		_pad           		CODE           	0E3D	0000	103
		_dtoa          		CODE           	0241	0000	372
		_vfprintf      		CODE           	0AFC	0000	49
		_stoa          		CODE           	06E4	0000	237

C:\Program Files\Microchip\xc8\v2.30\pic\sources\c99\common\doprnt.c estimated size: 1046

C:\Program Files\Microchip\xc8\v2.30\pic\sources\c99\common\isdigit.c
		_isdigit       		CODE           	09A0	0000	25

C:\Program Files\Microchip\xc8\v2.30\pic\sources\c99\common\isdigit.c estimated size: 25

mcc_generated_files/pwm4.c
		_PWM4_Initialize		CODE           	08E1	0000	11
		_PWM4_LoadDutyValue		CODE           	0987	0000	25

mcc_generated_files/pwm4.c estimated size: 36

C:\Program Files\Microchip\xc8\v2.30\pic\sources\c99\common\nf_fputs.c
		_fputs         		CODE           	07D1	0000	44

C:\Program Files\Microchip\xc8\v2.30\pic\sources\c99\common\nf_fputs.c estimated size: 44

mcc_generated_files/tmr2.c
		_TMR2_ISR      		CODE           	08EC	0000	14
		_TMR2_Initialize		CODE           	0942	0000	22
		_TMR2_SetInterruptHandler		CODE           	0865	0000	6
		_TMR2_DefaultInterruptHandler		CODE           	08C2	0000	10

mcc_generated_files/tmr2.c estimated size: 52

mcc_generated_files/interrupt_manager.c
		_INTERRUPT_InterruptManager		CODE           	0004	0000	48

mcc_generated_files/interrupt_manager.c estimated size: 48

C:\Program Files\Microchip\xc8\v2.30\pic\sources\c99\common\Umul16.c
		___wmul        		CODE           	0A2C	0000	32

C:\Program Files\Microchip\xc8\v2.30\pic\sources\c99\common\Umul16.c estimated size: 32

C:\Program Files\Microchip\xc8\v2.30\pic\sources\c99\common\strcspn.c
		_strcspn       		CODE           	0B93	0000	52

C:\Program Files\Microchip\xc8\v2.30\pic\sources\c99\common\strcspn.c estimated size: 52

mcc_generated_files/pin_manager.c
		_PIN_MANAGER_Initialize		CODE           	0C3C	0000	69
		_IOCAF0_SetInterruptHandler		CODE           	08B0	0000	9
		_PIN_MANAGER_IOC		CODE           	088C	0000	9
		_IOCAF0_DefaultInterruptHandler		CODE           	07FD	0000	1
		_IOCAF0_ISR    		CODE           	0AB2	0000	37

mcc_generated_files/pin_manager.c estimated size: 125

C:\Program Files\Microchip\xc8\v2.30\pic\sources\c99\common\aodiv.c
		___aodiv       		CODE           	03B5	0000	286

C:\Program Files\Microchip\xc8\v2.30\pic\sources\c99\common\aodiv.c estimated size: 286

uart_cmd_proc.c
		_executeCommand		CODE           	005E	0000	483
		_UART_CommandProcess		CODE           	0C81	0000	69

uart_cmd_proc.c estimated size: 552

C:\Program Files\Microchip\xc8\v2.30\pic\sources\c99\common\strtok.c
		_strtok        		CODE           	0DD7	0000	102

C:\Program Files\Microchip\xc8\v2.30\pic\sources\c99\common\strtok.c estimated size: 102

motor_ctrl.c
		_Motor_Stop    		CODE           	0A4C	0000	33
		_Motor_Start   		CODE           	0D1F	0000	92

motor_ctrl.c estimated size: 125

C:\Program Files\Microchip\xc8\v2.30\pic\sources\c99\common\Umul32.c
		___lmul        		CODE           	0B2D	0000	51

C:\Program Files\Microchip\xc8\v2.30\pic\sources\c99\common\Umul32.c estimated size: 51

C:\Program Files\Microchip\xc8\v2.30\pic\sources\c99\common\aldiv.c
		___aldiv       		CODE           	0EA4	0000	144

C:\Program Files\Microchip\xc8\v2.30\pic\sources\c99\common\aldiv.c estimated size: 144

C:\Program Files\Microchip\xc8\v2.30\pic\sources\c99\common\printf.c
		_printf        		CODE           	091A	0000	18

C:\Program Files\Microchip\xc8\v2.30\pic\sources\c99\common\printf.c estimated size: 18

shared
		__initialization		CODE           	0036	0000	36

shared estimated size: 36

C:\Program Files\Microchip\xc8\v2.30\pic\sources\c99\common\nf_fputc.c
		_fputc         		CODE           	0BFB	0000	65

C:\Program Files\Microchip\xc8\v2.30\pic\sources\c99\common\nf_fputc.c estimated size: 65

mcc_generated_files/mcc.c
		_OSCILLATOR_Initialize		CODE           	0877	0000	7
		_SYSTEM_Initialize		CODE           	0958	0000	22

mcc_generated_files/mcc.c estimated size: 29

mcc_generated_files/tmr3.c
		_TMR3_ISR      		CODE           	092C	0000	22
		_TMR3_Initialize		CODE           	09EF	0000	30
		_TMR3_SetInterruptHandler		CODE           	08B9	0000	9
		_TMR3_DefaultInterruptHandler		CODE           	0CC6	0000	89
		_TMR3_WriteTimer		CODE           	0909	0000	17

mcc_generated_files/tmr3.c estimated size: 167

C:\Program Files\Microchip\xc8\v2.30\pic\sources\c99\common\strlen.c
		_strlen        		CODE           	09B9	0000	26

C:\Program Files\Microchip\xc8\v2.30\pic\sources\c99\common\strlen.c estimated size: 26

mcc_generated_files/pwm3.c
		_PWM3_Initialize		CODE           	08D6	0000	11
		_PWM3_LoadDutyValue		CODE           	096E	0000	25

mcc_generated_files/pwm3.c estimated size: 36

C:\Program Files\Microchip\xc8\v2.30\pic\sources\c99\common\strcmp.c
		_strcmp        		CODE           	0B60	0000	51

C:\Program Files\Microchip\xc8\v2.30\pic\sources\c99\common\strcmp.c estimated size: 51

C:\Program Files\Microchip\xc8\v2.30\pic\sources\c99\common\strchr.c
		_strchr        		CODE           	0A0D	0000	31

C:\Program Files\Microchip\xc8\v2.30\pic\sources\c99\common\strchr.c estimated size: 31

mcc_generated_files/eusart.c
		_putch         		CODE           	087E	0000	7
		_EUSART_Read   		CODE           	08FA	0000	15
		_EUSART_Write  		CODE           	08CC	0000	10
		_EUSART_Initialize		CODE           	0AD7	0000	37
		_EUSART_SetFramingErrorHandler		CODE           	089E	0000	9
		_EUSART_SetErrorHandler		CODE           	0895	0000	9
		_EUSART_SetOverrunErrorHandler		CODE           	08A7	0000	9
		_getch         		CODE           	0861	0000	4

mcc_generated_files/eusart.c estimated size: 100

C:\Program Files\Microchip\xc8\v2.30\pic\sources\c99\common\isspace.c
		_isspace       		CODE           	0A6D	0000	34

C:\Program Files\Microchip\xc8\v2.30\pic\sources\c99\common\isspace.c estimated size: 34

main.c
		_main          		CODE           	0A8F	0000	35

main.c estimated size: 35

C:\Program Files\Microchip\xc8\v2.30\pic\sources\c99\common\strspn.c
		_strspn        		CODE           	0BC7	0000	52

C:\Program Files\Microchip\xc8\v2.30\pic\sources\c99\common\strspn.c estimated size: 52

C:\Program Files\Microchip\xc8\v2.30\pic\sources\c99\common\strncmp.c
		_strncmp       		CODE           	0D7B	0000	92

C:\Program Files\Microchip\xc8\v2.30\pic\sources\c99\common\strncmp.c estimated size: 92

