Microchip MPLAB XC8 Compiler V2.30

Linker command line:

-W-3 --edf=C:\Program Files\Microchip\xc8\v2.30\pic\dat\en_msgs.txt -cn \
  -h+dist/default/production\ros2_motor_driver.X.production.sym \
  --cmf=dist/default/production\ros2_motor_driver.X.production.cmf -z \
  -Q16F1619 -oC:\Users\johns\AppData\Local\Temp\s7c8x2 \
  --defsym=__MPLAB_BUILD=1 \
  -Mdist/default/production/ros2_motor_driver.X.production.map -E1 \
  -ver=XC8 Compiler --acfsm=1493 -ASTACK=02173h-023EFh -pstack=STACK \
  -ACODE=00h-07FFhx4 -ASTRCODE=00h-01FFFh -ASTRING=00h-0FFhx32 \
  -ACONST=00h-0FFhx32 -AENTRY=00h-0FFhx32 -ACOMMON=070h-07Fh \
  -ABANK0=020h-06Fh -ABANK1=0A0h-0EFh -ABANK2=0120h-016Fh \
  -ABANK3=01A0h-01EFh -ABANK4=0220h-026Fh -ABANK5=02A0h-02EFh \
  -ABANK6=0320h-036Fh -ABANK7=03A0h-03EFh -ABANK8=0420h-046Fh \
  -ABANK9=04A0h-04EFh -ABANK10=0520h-056Fh -ABANK11=05A0h-05EFh \
  -ABANK12=0620h-064Fh -ABIGRAM=02000h-023EFh \
  -ARAM=020h-06Fh,0A0h-0EFh,0120h-016Fh,01A0h-01EFh,0220h-026Fh,02A0h-02EFh,0320h-036Fh,03A0h-03EFh,0420h-046Fh,04A0h-04EFh,0520h-056Fh,05A0h-05EFh,0620h-064Fh \
  -AABS1=020h-07Fh,0A0h-0EFh,0120h-016Fh,01A0h-01EFh,0220h-026Fh,02A0h-02EFh,0320h-036Fh,03A0h-03EFh,0420h-046Fh,04A0h-04EFh,0520h-056Fh,05A0h-05EFh,0620h-064Fh \
  -ASFR0=00h-01Fh -ASFR1=080h-09Fh -ASFR2=0100h-011Fh -ASFR3=0180h-019Fh \
  -ASFR4=0200h-021Fh -ASFR5=0280h-029Fh -ASFR6=0300h-031Fh \
  -ASFR7=0380h-039Fh -ASFR8=0400h-041Fh -ASFR9=0480h-049Fh \
  -ASFR10=0500h-051Fh -ASFR11=0580h-059Fh -ASFR12=0600h-061Fh \
  -ASFR13=0680h-06EFh -ASFR14=0700h-076Fh -ASFR15=0780h-07EFh \
  -ASFR16=0800h-086Fh -ASFR17=0880h-08EFh -ASFR18=0900h-096Fh \
  -ASFR19=0980h-09EFh -ASFR20=0A00h-0A6Fh -ASFR21=0A80h-0AEFh \
  -ASFR22=0B00h-0B6Fh -ASFR23=0B80h-0BEFh -ASFR24=0C00h-0C6Fh \
  -ASFR25=0C80h-0CEFh -ASFR26=0D00h-0D6Fh -ASFR27=0D80h-0DEFh \
  -ASFR28=0E00h-0E6Fh -ASFR29=0E80h-0EEFh -ASFR30=0F00h-0F6Fh \
  -ASFR31=0F80h-0FEFh -ACONFIG=08007h-08009h -DCONFIG=2 \
  -AIDLOC=08000h-08003h -DIDLOC=2 -DCODE=2 -DSTRCODE=2 -DSTRING=2 -DCONST=2 \
  -DENTRY=2 -preset_vec=00h,intentry=04h,init,end_init -ppowerup=CODE \
  -pcinit=CODE -pfunctab=ENTRY -k \
  C:\Users\johns\AppData\Local\Temp\s7c8xg.o \
  dist/default/production\ros2_motor_driver.X.production.o 

Object code version is 3.11

Machine type is 16F1619



                Name                               Link     Load   Length Selector   Space Scale
C:\Users\johns\AppData\Local\Temp\s7c8xg.o
                end_init                             26       26        2        8       0
                reset_vec                             0        0        2        0       0
                config                             8007     8007        3        0       4
dist/default/production\ros2_motor_driver.X.production.o
                cinit                                28       28       3F        8       0
                intentry                              4        4       22        8       0
                config                             8007     8007        3        0       4
                text66                                3        3        1        6       0
                text65                             12D5     12D5       25     25AA       0
                text64                             108B     108B        9     2116       0
                text63                             1776     1776       8A     2EEC       0
                text62                             12B2     12B2       23     2564       0
                text61                               67       67      257        8       0
                text60                              2BE      2BE      238        8       0
                text59                             1250     1250       20     24A0       0
                text58                             167A     167A       74     2CF4       0
                text57                              8E3      8E3       AC     11C6       0
                text56                              BFE      BFE      149     17FC       0
                text55                              853      853       90     10A6       0
                text54                             13F7     13F7       33     27EE       0
                text53                             1123     1123       16     2246       0
                text52                             1139     1139       16     2272       0
                text51                             131F     131F       27     263E       0
                text50                             16EE     16EE       88     2DDC       0
                text49                             10FE     10FE       11     21FC       0
                text48                             1165     1165       17     22CA       0
                text46                             1094     1094        9     2128       0
                text45                             109D     109D        9     213A       0
                text44                             10A6     10A6        9     214C       0
                text43                             12FA     12FA       25     25F4       0
                text42                             1076     1076        7     20EC       0
                text41                             10AF     10AF        9     215E       0
                text40                             1580     1580       45     2B00       0
                text39                             10C1     10C1        B     2182       0
                text38                             10CC     10CC        B     2198       0
                text37                             10D7     10D7        B     21AE       0
                text36                             10B8     10B8        9     2170       0
                text35                             1214     1214       1D     2428       0
                text34                             114F     114F       16     229E       0
                text33                             1193     1193       19     2326       0
                text32                             11AC     11AC       19     2358       0
                text31                             136F     136F       2A     26DE       0
                text30                              6D9      6D9      105        8       0
                text29                              B11      B11       ED     1622       0
                text28                             11F8     11F8       1C     23F0       0
                text27                             10E2     10E2        C     21C4       0
                text26                             107D     107D        7     20FA       0
                text25                             14FB     14FB       41     29F6       0
                text24                             1346     1346       29     268C       0
                text23                             11DE     11DE       1A     23BC       0
                text22                             15C5     15C5       59     2B8A       0
                text21                              E94      E94      16C     1D28       0
                text20                              A3D      A3D       D4     147A       0
                text19                              D47      D47      14D     1A8E       0
                text18                             14C5     14C5       36     298A       0
                text17                             117C     117C       17     22F8       0
                text16                             13C5     13C5       32     278A       0
                text15                             1399     1399       2C     2732       0
                text14                             1270     1270       20     24E0       0
                text13                             11C5     11C5       19     238A       0
                text12                             1290     1290       22     2520       0
                text11                              98F      98F       AE     131E       0
                text10                             142A     142A       33     2854       0
                text9                              161E     161E       5C     2C3C       0
                text8                              1231     1231       1F     2462       0
                text7                              145D     145D       34     28BA       0
                text6                              1491     1491       34     2922       0
                text5                               800      800       53     1000       0
                text4                               4F6      4F6      1E3        8       0
                text3                              10EE     10EE       10     21DC       0
                text2                              1066     1066        4     20CC       0
                text1                              153C     153C       44     2A78       0
                maintext                            7DE      7DE       22        8       0
                cstackBANK0                          20       20       4A       20       1
                cstackCOMMON                         70       70        E       70       1
                cstackBANK1                          A0       A0       44       A0       1
                cstackBANK2                         120      120       24      120       1
                cstackBANK4                         240      240       13      220       1
                clrtext                            106A     106A        6     20D4       0
                inittext                           1070     1070        6     20E0       0
                bssBANK4                            220      220       20      220       1
                dataBANK3                           1C6      1C6       14      1A0       1
                bssBANK3                            1A0      1A0       26      1A0       1
                dataBANK2                           15B      15B        7      120       1
                bssBANK2                            144      144        F      120       1
                bssBANK1                             E4       E4        6       A0       1
                bssBANK0                             6A       6A        4       20       1
                stringtext25                       19EA     19EA        5     3000       0
                stringtext24                       19E5     19E5        5     3000       0
                stringtext23                       19E0     19E0        5     3000       0
                stringtext22                       19D9     19D9        7     3000       0
                stringtext21                       19D2     19D2        7     3000       0
                stringtext20                       19C7     19C7        B     3000       0
                stringtext19                       19BB     19BB        C     3000       0
                stringtext18                       19AF     19AF        C     3000       0
                stringtext17                       19A1     19A1        E     3000       0
                stringtext16                       1993     1993        E     3000       0
                stringtext15                       1984     1984        F     3000       0
                stringtext14                       1974     1974       10     3000       0
                stringtext13                       195F     195F       15     3000       0
                stringtext12                       194A     194A       15     3000       0
                stringtext11                       1933     1933       17     3000       0
                stringtext10                       191C     191C       17     3000       0
                stringtext9                        1902     1902       1A     3000       0
                stringtext8                        18E7     18E7       1B     3000       0
                stringtext7                        18CB     18CB       1C     3000       0
                stringtext6                        18AE     18AE       1D     3000       0
                stringtext5                        1890     1890       1E     3000       0
                stringtext4                        1870     1870       20     3000       0
                stringtext3                        184F     184F       21     3000       0
                stringtext2                        182A     182A       25     3000       0
                stringtext1                        1800     1800       2A     3000       0
                nvBANK3                             1DA      1DA        4      1A0       1
                nvBANK2                             153      153        8      120       1
                idataBANK3                         110F     110F       14     221E       0
                idataBANK2                         1084     1084        7     2108       0

TOTAL           Name                               Link     Load   Length     Space
        CLASS   STACK          

        CLASS   CODE           
                end_init                             26       26        2         0
                cinit                                28       28       3F         0
                intentry                              4        4       22         0
                reset_vec                             0        0        2         0
                text66                                3        3        1         0
                text65                             12D5     12D5       25         0
                text64                             108B     108B        9         0
                text63                             1776     1776       8A         0
                text62                             12B2     12B2       23         0
                text61                               67       67      257         0
                text60                              2BE      2BE      238         0
                text59                             1250     1250       20         0
                text58                             167A     167A       74         0
                text57                              8E3      8E3       AC         0
                text56                              BFE      BFE      149         0
                text55                              853      853       90         0
                text54                             13F7     13F7       33         0
                text53                             1123     1123       16         0
                text52                             1139     1139       16         0
                text51                             131F     131F       27         0
                text50                             16EE     16EE       88         0
                text49                             10FE     10FE       11         0
                text48                             1165     1165       17         0
                text46                             1094     1094        9         0
                text45                             109D     109D        9         0
                text44                             10A6     10A6        9         0
                text43                             12FA     12FA       25         0
                text42                             1076     1076        7         0
                text41                             10AF     10AF        9         0
                text40                             1580     1580       45         0
                text39                             10C1     10C1        B         0
                text38                             10CC     10CC        B         0
                text37                             10D7     10D7        B         0
                text36                             10B8     10B8        9         0
                text35                             1214     1214       1D         0
                text34                             114F     114F       16         0
                text33                             1193     1193       19         0
                text32                             11AC     11AC       19         0
                text31                             136F     136F       2A         0
                text30                              6D9      6D9      105         0
                text29                              B11      B11       ED         0
                text28                             11F8     11F8       1C         0
                text27                             10E2     10E2        C         0
                text26                             107D     107D        7         0
                text25                             14FB     14FB       41         0
                text24                             1346     1346       29         0
                text23                             11DE     11DE       1A         0
                text22                             15C5     15C5       59         0
                text21                              E94      E94      16C         0
                text20                              A3D      A3D       D4         0
                text19                              D47      D47      14D         0
                text18                             14C5     14C5       36         0
                text17                             117C     117C       17         0
                text16                             13C5     13C5       32         0
                text15                             1399     1399       2C         0
                text14                             1270     1270       20         0
                text13                             11C5     11C5       19         0
                text12                             1290     1290       22         0
                text11                              98F      98F       AE         0
                text10                             142A     142A       33         0
                text9                              161E     161E       5C         0
                text8                              1231     1231       1F         0
                text7                              145D     145D       34         0
                text6                              1491     1491       34         0
                text5                               800      800       53         0
                text4                               4F6      4F6      1E3         0
                text3                              10EE     10EE       10         0
                text2                              1066     1066        4         0
                text1                              153C     153C       44         0
                maintext                            7DE      7DE       22         0
                clrtext                            106A     106A        6         0
                inittext                           1070     1070        6         0
                idataBANK3                         110F     110F       14         0
                idataBANK2                         1084     1084        7         0

        CLASS   STRCODE        
                stringtext25                       19EA     19EA        5         0
                stringtext24                       19E5     19E5        5         0
                stringtext23                       19E0     19E0        5         0
                stringtext22                       19D9     19D9        7         0
                stringtext21                       19D2     19D2        7         0
                stringtext20                       19C7     19C7        B         0
                stringtext19                       19BB     19BB        C         0
                stringtext18                       19AF     19AF        C         0
                stringtext17                       19A1     19A1        E         0
                stringtext16                       1993     1993        E         0
                stringtext15                       1984     1984        F         0
                stringtext14                       1974     1974       10         0
                stringtext13                       195F     195F       15         0
                stringtext12                       194A     194A       15         0
                stringtext11                       1933     1933       17         0
                stringtext10                       191C     191C       17         0
                stringtext9                        1902     1902       1A         0
                stringtext8                        18E7     18E7       1B         0
                stringtext7                        18CB     18CB       1C         0
                stringtext6                        18AE     18AE       1D         0
                stringtext5                        1890     1890       1E         0
                stringtext4                        1870     1870       20         0
                stringtext3                        184F     184F       21         0
                stringtext2                        182A     182A       25         0
                stringtext1                        1800     1800       2A         0

        CLASS   STRING         

        CLASS   CONST          

        CLASS   ENTRY          

        CLASS   COMMON         
                cstackCOMMON                         70       70        E         1

        CLASS   BANK0          
                cstackBANK0                          20       20       4A         1
                bssBANK0                             6A       6A        4         1

        CLASS   BANK1          
                cstackBANK1                          A0       A0       44         1
                bssBANK1                             E4       E4        6         1

        CLASS   BANK2          
                cstackBANK2                         120      120       24         1
                dataBANK2                           15B      15B        7         1
                bssBANK2                            144      144        F         1
                nvBANK2                             153      153        8         1

        CLASS   BANK3          
                dataBANK3                           1C6      1C6       14         1
                bssBANK3                            1A0      1A0       26         1
                nvBANK3                             1DA      1DA        4         1

        CLASS   BANK4          
                cstackBANK4                         240      240       13         1
                bssBANK4                            220      220       20         1

        CLASS   BANK5          

        CLASS   BANK6          

        CLASS   BANK7          

        CLASS   BANK8          

        CLASS   BANK9          

        CLASS   BANK10         

        CLASS   BANK11         

        CLASS   BANK12         

        CLASS   BIGRAM         

        CLASS   RAM            

        CLASS   ABS1           
                abs_s1                               7E       7E        2         1

        CLASS   SFR0           

        CLASS   SFR1           

        CLASS   SFR2           

        CLASS   SFR3           

        CLASS   SFR4           

        CLASS   SFR5           

        CLASS   SFR6           

        CLASS   SFR7           

        CLASS   SFR8           

        CLASS   SFR9           

        CLASS   SFR10          

        CLASS   SFR11          

        CLASS   SFR12          

        CLASS   SFR13          

        CLASS   SFR14          

        CLASS   SFR15          

        CLASS   SFR16          

        CLASS   SFR17          

        CLASS   SFR18          

        CLASS   SFR19          

        CLASS   SFR20          

        CLASS   SFR21          

        CLASS   SFR22          

        CLASS   SFR23          

        CLASS   SFR24          

        CLASS   SFR25          

        CLASS   SFR26          

        CLASS   SFR27          

        CLASS   SFR28          

        CLASS   SFR29          

        CLASS   SFR30          

        CLASS   SFR31          

        CLASS   CONFIG         
                config                             8007     8007        3         4

        CLASS   IDLOC          

        CLASS   BANK31         

        CLASS   BANK30         

        CLASS   BANK29         

        CLASS   BANK28         

        CLASS   BANK27         

        CLASS   BANK26         

        CLASS   BANK25         

        CLASS   BANK24         

        CLASS   BANK23         

        CLASS   BANK22         

        CLASS   BANK21         

        CLASS   BANK20         

        CLASS   BANK19         

        CLASS   BANK18         

        CLASS   BANK17         

        CLASS   BANK16         

        CLASS   BANK15         

        CLASS   BANK14         

        CLASS   BANK13         

        CLASS   EEDATA         



SEGMENTS        Name                           Load    Length   Top    Selector   Space  Class     Delta

                reset_vec                      000000  000002  000002         0       0  CODE        2
                text66                         000003  000001  000004         6       0  CODE        2
                intentry                       000004  0007FC  000800         8       0  CODE        2
                cstackBANK0                    000020  00004E  00006E        20       1  BANK0       1
                cstackCOMMON                   000070  00000E  00007E        70       1  COMMON      1
                cstackBANK1                    0000A0  00004A  0000EA        A0       1  BANK1       1
                cstackBANK2                    000120  000042  000162       120       1  BANK2       1
                bssBANK3                       0001A0  00003E  0001DE       1A0       1  BANK3       1
                bssBANK4                       000220  000033  000253       220       1  BANK4       1
                text5                          000800  000053  000853      1000       0  CODE        2
                text55                         000853  000090  0008E3      10A6       0  CODE        2
                text57                         0008E3  0000AC  00098F      11C6       0  CODE        2
                text11                         00098F  0000AE  000A3D      131E       0  CODE        2
                text20                         000A3D  0000D4  000B11      147A       0  CODE        2
                text29                         000B11  0000ED  000BFE      1622       0  CODE        2
                text56                         000BFE  000149  000D47      17FC       0  CODE        2
                text19                         000D47  00014D  000E94      1A8E       0  CODE        2
                text21                         000E94  00016C  001000      1D28       0  CODE        2
                text2                          001066  000004  00106A      20CC       0  CODE        2
                clrtext                        00106A  000006  001070      20D4       0  CODE        2
                inittext                       001070  000006  001076      20E0       0  CODE        2
                text42                         001076  000007  00107D      20EC       0  CODE        2
                text26                         00107D  000007  001084      20FA       0  CODE        2
                idataBANK2                     001084  000007  00108B      2108       0  CODE        2
                text64                         00108B  000009  001094      2116       0  CODE        2
                text46                         001094  000009  00109D      2128       0  CODE        2
                text45                         00109D  000009  0010A6      213A       0  CODE        2
                text44                         0010A6  000009  0010AF      214C       0  CODE        2
                text41                         0010AF  000009  0010B8      215E       0  CODE        2
                text36                         0010B8  000009  0010C1      2170       0  CODE        2
                text39                         0010C1  00000B  0010CC      2182       0  CODE        2
                text38                         0010CC  00000B  0010D7      2198       0  CODE        2
                text37                         0010D7  00000B  0010E2      21AE       0  CODE        2
                text27                         0010E2  00000C  0010EE      21C4       0  CODE        2
                text3                          0010EE  000010  0010FE      21DC       0  CODE        2
                text49                         0010FE  000011  00110F      21FC       0  CODE        2
                idataBANK3                     00110F  000014  001123      221E       0  CODE        2
                text53                         001123  000016  001139      2246       0  CODE        2
                text52                         001139  000016  00114F      2272       0  CODE        2
                text34                         00114F  000016  001165      229E       0  CODE        2
                text48                         001165  000017  00117C      22CA       0  CODE        2
                text17                         00117C  000017  001193      22F8       0  CODE        2
                text33                         001193  000019  0011AC      2326       0  CODE        2
                text32                         0011AC  000019  0011C5      2358       0  CODE        2
                text13                         0011C5  000019  0011DE      238A       0  CODE        2
                text23                         0011DE  00001A  0011F8      23BC       0  CODE        2
                text28                         0011F8  00001C  001214      23F0       0  CODE        2
                text35                         001214  00001D  001231      2428       0  CODE        2
                text8                          001231  00001F  001250      2462       0  CODE        2
                text59                         001250  000020  001270      24A0       0  CODE        2
                text14                         001270  000020  001290      24E0       0  CODE        2
                text12                         001290  000022  0012B2      2520       0  CODE        2
                text62                         0012B2  000023  0012D5      2564       0  CODE        2
                text65                         0012D5  000025  0012FA      25AA       0  CODE        2
                text43                         0012FA  000025  00131F      25F4       0  CODE        2
                text51                         00131F  000027  001346      263E       0  CODE        2
                text24                         001346  000029  00136F      268C       0  CODE        2
                text31                         00136F  00002A  001399      26DE       0  CODE        2
                text15                         001399  00002C  0013C5      2732       0  CODE        2
                text16                         0013C5  000032  0013F7      278A       0  CODE        2
                text54                         0013F7  000033  00142A      27EE       0  CODE        2
                text10                         00142A  000033  00145D      2854       0  CODE        2
                text7                          00145D  000034  001491      28BA       0  CODE        2
                text6                          001491  000034  0014C5      2922       0  CODE        2
                text18                         0014C5  000036  0014FB      298A       0  CODE        2
                text25                         0014FB  000041  00153C      29F6       0  CODE        2
                text1                          00153C  000044  001580      2A78       0  CODE        2
                text40                         001580  000045  0015C5      2B00       0  CODE        2
                text22                         0015C5  000059  00161E      2B8A       0  CODE        2
                text9                          00161E  00005C  00167A      2C3C       0  CODE        2
                text58                         00167A  000074  0016EE      2CF4       0  CODE        2
                text50                         0016EE  000088  001776      2DDC       0  CODE        2
                text63                         001776  00008A  001800      2EEC       0  CODE        2
                stringtext1                    001800  0001EF  0019EF      3000       0  STRCODE     2


UNUSED ADDRESS RANGES

        Name                Unused          Largest block    Delta
        BANK0            0006E-0006F               2           1
        BANK1            000EA-000EF               6           1
        BANK10           00520-0056F              50           1
        BANK11           005A0-005EF              50           1
        BANK12           00620-0064F              30           1
        BANK2            00162-0016F               E           1
        BANK3            001DE-001EF              12           1
        BANK4            00253-0026F              1D           1
        BANK5            002A0-002EF              50           1
        BANK6            00320-0036F              50           1
        BANK7            003A0-003EF              50           1
        BANK8            00420-0046F              50           1
        BANK9            004A0-004EF              50           1
        BIGRAM           02000-023EF             3F0           1
        CODE             00002-00002               1           2
                         01000-01065              66
                         019EF-01FFF             611
        CONST            00002-00002               1           2
                         01000-01065              66
                         019EF-01FFF             100
        ENTRY            00002-00002               1           2
                         01000-01065              66
                         019EF-01FFF             100
        IDLOC            08000-08003               4           2
        RAM              0006E-0006F               2           1
                         000EA-000EF               6
                         00162-0016F               E
                         001DE-001EF              12
                         00253-0026F              1D
                         002A0-002EF              50
                         00320-0036F              50
                         003A0-003EF              50
                         00420-0046F              50
                         004A0-004EF              50
                         00520-0056F              50
                         005A0-005EF              50
                         00620-0064F              30
        SFR0             00000-0001F              20           1
        SFR1             00080-0009F              20           1
        SFR10            00500-0051F              20           1
        SFR11            00580-0059F              20           1
        SFR12            00600-0061F              20           1
        SFR13            00680-006EF              70           1
        SFR14            00700-0076F              70           1
        SFR15            00780-007EF              70           1
        SFR16            00800-0086F              70           1
        SFR17            00880-008EF              70           1
        SFR18            00900-0096F              70           1
        SFR19            00980-009EF              70           1
        SFR2             00100-0011F              20           1
        SFR20            00A00-00A6F              70           1
        SFR21            00A80-00AEF              70           1
        SFR22            00B00-00B6F              70           1
        SFR23            00B80-00BEF              70           1
        SFR24            00C00-00C6F              70           1
        SFR25            00C80-00CEF              70           1
        SFR26            00D00-00D6F              70           1
        SFR27            00D80-00DEF              70           1
        SFR28            00E00-00E6F              70           1
        SFR29            00E80-00EEF              70           1
        SFR3             00180-0019F              20           1
        SFR30            00F00-00F6F              70           1
        SFR31            00F80-00FEF              70           1
        SFR4             00200-0021F              20           1
        SFR5             00280-0029F              20           1
        SFR6             00300-0031F              20           1
        SFR7             00380-0039F              20           1
        SFR8             00400-0041F              20           1
        SFR9             00480-0049F              20           1
        STACK            02173-023EF             27D           1
        STRCODE          00002-00002               1           2
                         01000-01065              66
                         019EF-01FFF             611
        STRING           00002-00002               1           2
                         01000-01065              66
                         019EF-01FFF             100

                                  Symbol Table

?_PID_Compute                                  cstackBANK0  00051
?__Umul8_16                                    cstackCOMMON 00070
?___aldiv                                      cstackBANK0  00020
?___aodiv                                      cstackBANK1  000A6
?___aomod                                      cstackBANK1  000A6
?___fladd                                      cstackBANK0  00035
?___flmul                                      cstackBANK0  00020
?___flsub                                      cstackBANK0  00049
?___fltol                                      cstackCOMMON 00070
?___lmul                                       cstackCOMMON 00070
?___wmul                                       cstackBANK1  000A6
?___xxtofl                                     cstackCOMMON 00070
?_abs                                          cstackBANK1  000B9
?_atoi                                         cstackBANK1  000AC
?_dtoa                                         cstackBANK1  000C1
?_isdigit                                      cstackBANK1  000A6
?_isspace                                      cstackBANK1  000A6
?_pad                                          cstackBANK1  000B8
?_printf                                       cstackBANK2  00135
?_stoa                                         cstackBANK1  000B0
?_strchr                                       cstackBANK1  000A6
?_strcmp                                       cstackBANK1  000A6
?_strcspn                                      cstackBANK1  000AD
?_strlen                                       cstackBANK1  000A6
?_strncmp                                      cstackBANK1  000A6
?_strspn                                       cstackBANK1  000AD
?_vfpfcnvrt                                    cstackBANK1  000DF
?_vfprintf                                     cstackBANK1  000E1
EUSART_SetErrorHandler@interruptHandler        cstackBANK1  000A6
EUSART_SetFramingErrorHandler@interruptHandler cstackBANK1  000A6
EUSART_SetOverrunErrorHandler@interruptHandler cstackBANK1  000A6
EUSART_Write@txData                            cstackBANK1  000A6
IOCAF0_SetInterruptHandler@InterruptHandler    cstackBANK1  000A6
Motor_ApplyPWM@pwm                             cstackBANK1  000AA
Motor_Start@rpm                                cstackBANK2  0013D
PID_Compute@derivative                         cstackBANK0  00055
PID_Compute@error                              cstackBANK0  00061
PID_Compute@measured                           cstackBANK0  00053
PID_Compute@output                             cstackBANK0  0005D
PID_Compute@pid                                cstackBANK0  00065
PID_Compute@target                             cstackBANK0  00051
PWM3_LoadDutyValue@dutyValue                   cstackBANK1  000A6
PWM4_LoadDutyValue@dutyValue                   cstackBANK1  000A6
TMR3_DefaultInterruptHandler@delta             cstackBANK1  000A0
TMR3_DefaultInterruptHandler@last_ticks        bssBANK2     00144
TMR3_DefaultInterruptHandler@output_pwm        cstackBANK1  000A4
TMR3_SetInterruptHandler@InterruptHandler      cstackBANK1  000A6
TMR3_WriteTimer@timerVal                       cstackCOMMON 00070
UART_CommandProcess@c                          cstackBANK2  00141
_ANSELA                                        (abs)        0018C
_ANSELB                                        (abs)        0018D
_ANSELC                                        (abs)        0018E
_BAUD1CON                                      (abs)        0019F
_BORCON                                        (abs)        00116
_CCPTMRSbits                                   (abs)        0029E
_EUSART_DefaultErrorHandler                    (abs)        00000
_EUSART_DefaultFramingErrorHandler             (abs)        00000
_EUSART_DefaultOverrunErrorHandler             (abs)        00000
_EUSART_ErrorHandler                           nvBANK3      001DA
_EUSART_FramingErrorHandler                    nvBANK2      00159
_EUSART_Initialize                             text43       012FA
_EUSART_OverrunErrorHandler                    nvBANK3      001DC
_EUSART_Read                                   text3        010EE
_EUSART_SetErrorHandler                        text46       01094
_EUSART_SetFramingErrorHandler                 text45       0109D
_EUSART_SetOverrunErrorHandler                 text44       010A6
_EUSART_Write                                  text27       010E2
_INLVLA                                        (abs)        0038C
_INLVLB                                        (abs)        0038D
_INLVLC                                        (abs)        0038E
_INTCONbits                                    (abs)        0000B
_INTERRUPT_InterruptManager                    intentry     00004
_IOCAF0_DefaultInterruptHandler                text66       00003
_IOCAF0_ISR                                    text65       012D5
_IOCAF0_InterruptHandler                       nvBANK2      00157
_IOCAF0_SetInterruptHandler                    text41       010AF
_IOCAFbits                                     (abs)        00393
_IOCANbits                                     (abs)        00392
_IOCAPbits                                     (abs)        00391
_LATA                                          (abs)        0010C
_LATB                                          (abs)        0010D
_LATC                                          (abs)        0010E
_LATCbits                                      (abs)        0010E
_Motor_ApplyPWM                                text31       0136F
_Motor_Start                                   text16       013C5
_Motor_Stop                                    text15       01399
_ODCONA                                        (abs)        0028C
_ODCONB                                        (abs)        0028D
_ODCONC                                        (abs)        0028E
_OPTION_REGbits                                (abs)        00095
_OSCCON                                        (abs)        00099
_OSCILLATOR_Initialize                         text42       01076
_OSCTUNE                                       (abs)        00098
_PID_Compute                                   text56       00BFE
_PID_Compute$1956                              cstackBANK0  00059
_PIE5bits                                      (abs)        00094
_PIN_MANAGER_IOC                               text64       0108B
_PIN_MANAGER_Initialize                        text40       01580
_PIR1bits                                      (abs)        00010
_PIR5bits                                      (abs)        00014
_PORTAbits                                     (abs)        0000C
_PR2                                           (abs)        0001B
_PWM3CON                                       (abs)        00619
_PWM3DCH                                       (abs)        00618
_PWM3DCL                                       (abs)        00617
_PWM3_Initialize                               text39       010C1
_PWM3_LoadDutyValue                            text33       01193
_PWM4CON                                       (abs)        0061C
_PWM4DCH                                       (abs)        0061B
_PWM4DCL                                       (abs)        0061A
_PWM4_Initialize                               text38       010CC
_PWM4_LoadDutyValue                            text32       011AC
_RA2PPS                                        (abs)        00E92
_RB7PPS                                        (abs)        00E9F
_RC0PPS                                        (abs)        00EA0
_RC1REG                                        (abs)        00199
_RC1STA                                        (abs)        0019D
_RC1STAbits                                    (abs)        0019D
_RXPPS                                         (abs)        00E24
_SLRCONA                                       (abs)        0030C
_SLRCONB                                       (abs)        0030D
_SLRCONC                                       (abs)        0030E
_SPBRGH                                        (abs)        0019C
_SPBRGL                                        (abs)        0019B
_SYSTEM_Initialize                             text34       0114F
_T2CLKCON                                      (abs)        0001E
_T2CON                                         (abs)        0001C
_T2CONbits                                     (abs)        0001C
_T2HLT                                         (abs)        0001D
_T2HLTbits                                     (abs)        0001D
_T2PR                                          (abs)        0001B
_T2RST                                         (abs)        0001F
_T2RSTbits                                     (abs)        0001F
_T2TMR                                         (abs)        0001A
_T3CON                                         (abs)        00495
_T3CONbits                                     (abs)        00495
_T3GCON                                        (abs)        00496
_T3GCONbits                                    (abs)        00496
_TMR2                                          (abs)        0001A
_TMR2_Initialize                               text37       010D7
_TMR3H                                         (abs)        00494
_TMR3L                                         (abs)        00493
_TMR3_DefaultInterruptHandler                  text50       016EE
_TMR3_ISR                                      text48       01165
_TMR3_Initialize                               text35       01214
_TMR3_InterruptHandler                         nvBANK2      00153
_TMR3_SetInterruptHandler                      text36       010B8
_TMR3_WriteTimer                               text49       010FE
_TRISA                                         (abs)        0008C
_TRISB                                         (abs)        0008D
_TRISC                                         (abs)        0008E
_TX1REG                                        (abs)        0019A
_TX1STA                                        (abs)        0019E
_TX1STAbits                                    (abs)        0019E
_UART_CommandProcess                           text1        0153C
_WPUA                                          (abs)        0020C
_WPUB                                          (abs)        0020D
_WPUC                                          (abs)        0020E
__Habs1                                        abs1         00000
__Hbank0                                       bank0        00000
__Hbank1                                       bank1        00000
__Hbank10                                      bank10       00000
__Hbank11                                      bank11       00000
__Hbank12                                      bank12       00000
__Hbank13                                      bank13       00000
__Hbank14                                      bank14       00000
__Hbank15                                      bank15       00000
__Hbank16                                      bank16       00000
__Hbank17                                      bank17       00000
__Hbank18                                      bank18       00000
__Hbank19                                      bank19       00000
__Hbank2                                       bank2        00000
__Hbank20                                      bank20       00000
__Hbank21                                      bank21       00000
__Hbank22                                      bank22       00000
__Hbank23                                      bank23       00000
__Hbank24                                      bank24       00000
__Hbank25                                      bank25       00000
__Hbank26                                      bank26       00000
__Hbank27                                      bank27       00000
__Hbank28                                      bank28       00000
__Hbank29                                      bank29       00000
__Hbank3                                       bank3        00000
__Hbank30                                      bank30       00000
__Hbank31                                      bank31       00000
__Hbank4                                       bank4        00000
__Hbank5                                       bank5        00000
__Hbank6                                       bank6        00000
__Hbank7                                       bank7        00000
__Hbank8                                       bank8        00000
__Hbank9                                       bank9        00000
__Hbigram                                      bigram       00000
__HbssBANK0                                    bssBANK0     00000
__HbssBANK1                                    bssBANK1     00000
__HbssBANK2                                    bssBANK2     00000
__HbssBANK3                                    bssBANK3     00000
__HbssBANK4                                    bssBANK4     00000
__Hcinit                                       cinit        00067
__Hclrtext                                     clrtext      00000
__Hcode                                        code         00000
__Hcommon                                      common       00000
__Hconfig                                      config       0800A
__HcstackBANK0                                 cstackBANK0  00000
__HcstackBANK1                                 cstackBANK1  00000
__HcstackBANK2                                 cstackBANK2  00000
__HcstackBANK4                                 cstackBANK4  00000
__HcstackCOMMON                                cstackCOMMON 00000
__HdataBANK2                                   dataBANK2    00000
__HdataBANK3                                   dataBANK3    00000
__Heeprom_data                                 eeprom_data  00000
__Hend_init                                    end_init     00028
__Hfunctab                                     functab      00000
__HidataBANK2                                  idataBANK2   00000
__HidataBANK3                                  idataBANK3   00000
__Hinit                                        init         00026
__Hinittext                                    inittext     00000
__Hintentry                                    intentry     00026
__Hmaintext                                    maintext     00000
__HnvBANK2                                     nvBANK2      00000
__HnvBANK3                                     nvBANK3      00000
__Hpowerup                                     powerup      00000
__Hram                                         ram          00000
__Hreset_vec                                   reset_vec    00002
__Hsfr0                                        sfr0         00000
__Hsfr1                                        sfr1         00000
__Hsfr10                                       sfr10        00000
__Hsfr11                                       sfr11        00000
__Hsfr12                                       sfr12        00000
__Hsfr13                                       sfr13        00000
__Hsfr14                                       sfr14        00000
__Hsfr15                                       sfr15        00000
__Hsfr16                                       sfr16        00000
__Hsfr17                                       sfr17        00000
__Hsfr18                                       sfr18        00000
__Hsfr19                                       sfr19        00000
__Hsfr2                                        sfr2         00000
__Hsfr20                                       sfr20        00000
__Hsfr21                                       sfr21        00000
__Hsfr22                                       sfr22        00000
__Hsfr23                                       sfr23        00000
__Hsfr24                                       sfr24        00000
__Hsfr25                                       sfr25        00000
__Hsfr26                                       sfr26        00000
__Hsfr27                                       sfr27        00000
__Hsfr28                                       sfr28        00000
__Hsfr29                                       sfr29        00000
__Hsfr3                                        sfr3         00000
__Hsfr30                                       sfr30        00000
__Hsfr31                                       sfr31        00000
__Hsfr4                                        sfr4         00000
__Hsfr5                                        sfr5         00000
__Hsfr6                                        sfr6         00000
__Hsfr7                                        sfr7         00000
__Hsfr8                                        sfr8         00000
__Hsfr9                                        sfr9         00000
__Hspace_0                                     (abs)        019EF
__Hspace_1                                     (abs)        00253
__Hspace_2                                     (abs)        00000
__Hspace_3                                     (abs)        00000
__Hspace_4                                     (abs)        10011
__Hstack                                       stack        00000
__Hstrings                                     strings      00000
__Hstringtext1                                 stringtext1  00000
__Hstringtext10                                stringtext10 00000
__Hstringtext11                                stringtext11 00000
__Hstringtext12                                stringtext12 00000
__Hstringtext13                                stringtext13 00000
__Hstringtext14                                stringtext14 00000
__Hstringtext15                                stringtext15 00000
__Hstringtext16                                stringtext16 00000
__Hstringtext17                                stringtext17 00000
__Hstringtext18                                stringtext18 00000
__Hstringtext19                                stringtext19 00000
__Hstringtext2                                 stringtext2  00000
__Hstringtext20                                stringtext20 00000
__Hstringtext21                                stringtext21 00000
__Hstringtext22                                stringtext22 00000
__Hstringtext23                                stringtext23 00000
__Hstringtext24                                stringtext24 00000
__Hstringtext25                                stringtext25 00000
__Hstringtext26                                stringtext26 00000
__Hstringtext3                                 stringtext3  00000
__Hstringtext4                                 stringtext4  00000
__Hstringtext5                                 stringtext5  00000
__Hstringtext6                                 stringtext6  00000
__Hstringtext7                                 stringtext7  00000
__Hstringtext8                                 stringtext8  00000
__Hstringtext9                                 stringtext9  00000
__Htext                                        text         00000
__Labs1                                        abs1         00000
__Lbank0                                       bank0        00000
__Lbank1                                       bank1        00000
__Lbank10                                      bank10       00000
__Lbank11                                      bank11       00000
__Lbank12                                      bank12       00000
__Lbank13                                      bank13       00000
__Lbank14                                      bank14       00000
__Lbank15                                      bank15       00000
__Lbank16                                      bank16       00000
__Lbank17                                      bank17       00000
__Lbank18                                      bank18       00000
__Lbank19                                      bank19       00000
__Lbank2                                       bank2        00000
__Lbank20                                      bank20       00000
__Lbank21                                      bank21       00000
__Lbank22                                      bank22       00000
__Lbank23                                      bank23       00000
__Lbank24                                      bank24       00000
__Lbank25                                      bank25       00000
__Lbank26                                      bank26       00000
__Lbank27                                      bank27       00000
__Lbank28                                      bank28       00000
__Lbank29                                      bank29       00000
__Lbank3                                       bank3        00000
__Lbank30                                      bank30       00000
__Lbank31                                      bank31       00000
__Lbank4                                       bank4        00000
__Lbank5                                       bank5        00000
__Lbank6                                       bank6        00000
__Lbank7                                       bank7        00000
__Lbank8                                       bank8        00000
__Lbank9                                       bank9        00000
__Lbigram                                      bigram       00000
__LbssBANK0                                    bssBANK0     00000
__LbssBANK1                                    bssBANK1     00000
__LbssBANK2                                    bssBANK2     00000
__LbssBANK3                                    bssBANK3     00000
__LbssBANK4                                    bssBANK4     00000
__Lcinit                                       cinit        00028
__Lclrtext                                     clrtext      00000
__Lcode                                        code         00000
__Lcommon                                      common       00000
__Lconfig                                      config       00000
__LcstackBANK0                                 cstackBANK0  00000
__LcstackBANK1                                 cstackBANK1  00000
__LcstackBANK2                                 cstackBANK2  00000
__LcstackBANK4                                 cstackBANK4  00000
__LcstackCOMMON                                cstackCOMMON 00000
__LdataBANK2                                   dataBANK2    00000
__LdataBANK3                                   dataBANK3    00000
__Leeprom_data                                 eeprom_data  00000
__Lend_init                                    end_init     00026
__Lfunctab                                     functab      00000
__LidataBANK2                                  idataBANK2   00000
__LidataBANK3                                  idataBANK3   00000
__Linit                                        init         00026
__Linittext                                    inittext     00000
__Lintentry                                    intentry     00004
__Lmaintext                                    maintext     00000
__LnvBANK2                                     nvBANK2      00000
__LnvBANK3                                     nvBANK3      00000
__Lpowerup                                     powerup      00000
__Lram                                         ram          00000
__Lreset_vec                                   reset_vec    00000
__Lsfr0                                        sfr0         00000
__Lsfr1                                        sfr1         00000
__Lsfr10                                       sfr10        00000
__Lsfr11                                       sfr11        00000
__Lsfr12                                       sfr12        00000
__Lsfr13                                       sfr13        00000
__Lsfr14                                       sfr14        00000
__Lsfr15                                       sfr15        00000
__Lsfr16                                       sfr16        00000
__Lsfr17                                       sfr17        00000
__Lsfr18                                       sfr18        00000
__Lsfr19                                       sfr19        00000
__Lsfr2                                        sfr2         00000
__Lsfr20                                       sfr20        00000
__Lsfr21                                       sfr21        00000
__Lsfr22                                       sfr22        00000
__Lsfr23                                       sfr23        00000
__Lsfr24                                       sfr24        00000
__Lsfr25                                       sfr25        00000
__Lsfr26                                       sfr26        00000
__Lsfr27                                       sfr27        00000
__Lsfr28                                       sfr28        00000
__Lsfr29                                       sfr29        00000
__Lsfr3                                        sfr3         00000
__Lsfr30                                       sfr30        00000
__Lsfr31                                       sfr31        00000
__Lsfr4                                        sfr4         00000
__Lsfr5                                        sfr5         00000
__Lsfr6                                        sfr6         00000
__Lsfr7                                        sfr7         00000
__Lsfr8                                        sfr8         00000
__Lsfr9                                        sfr9         00000
__Lspace_0                                     (abs)        00000
__Lspace_1                                     (abs)        00000
__Lspace_2                                     (abs)        00000
__Lspace_3                                     (abs)        00000
__Lspace_4                                     (abs)        00000
__Lstack                                       stack        00000
__Lstrings                                     strings      00000
__Lstringtext1                                 stringtext1  00000
__Lstringtext10                                stringtext10 00000
__Lstringtext11                                stringtext11 00000
__Lstringtext12                                stringtext12 00000
__Lstringtext13                                stringtext13 00000
__Lstringtext14                                stringtext14 00000
__Lstringtext15                                stringtext15 00000
__Lstringtext16                                stringtext16 00000
__Lstringtext17                                stringtext17 00000
__Lstringtext18                                stringtext18 00000
__Lstringtext19                                stringtext19 00000
__Lstringtext2                                 stringtext2  00000
__Lstringtext20                                stringtext20 00000
__Lstringtext21                                stringtext21 00000
__Lstringtext22                                stringtext22 00000
__Lstringtext23                                stringtext23 00000
__Lstringtext24                                stringtext24 00000
__Lstringtext25                                stringtext25 00000
__Lstringtext26                                stringtext26 00000
__Lstringtext3                                 stringtext3  00000
__Lstringtext4                                 stringtext4  00000
__Lstringtext5                                 stringtext5  00000
__Lstringtext6                                 stringtext6  00000
__Lstringtext7                                 stringtext7  00000
__Lstringtext8                                 stringtext8  00000
__Lstringtext9                                 stringtext9  00000
__Ltext                                        text         00000
__S0                                           (abs)        019EF
__S1                                           (abs)        00253
__S2                                           (abs)        00000
__Umul8_16                                     text62       012B2
__Umul8_16@multiplicand                        cstackCOMMON 00070
__Umul8_16@multiplier                          cstackCOMMON 00078
__Umul8_16@product                             cstackCOMMON 00074
__Umul8_16@word_mpld                           cstackCOMMON 00076
___aldiv                                       text55       00853
___aldiv@counter                               cstackBANK0  00028
___aldiv@dividend                              cstackBANK0  00024
___aldiv@divisor                               cstackBANK0  00020
___aldiv@quotient                              cstackBANK0  0002A
___aldiv@sign                                  cstackBANK0  00029
___aodiv                                       text30       006D9
___aodiv@counter                               cstackBANK1  000B7
___aodiv@dividend                              cstackBANK1  000AE
___aodiv@divisor                               cstackBANK1  000A6
___aodiv@quotient                              cstackBANK1  000B9
___aodiv@sign                                  cstackBANK1  000B8
___aomod                                       text29       00B11
___aomod@counter                               cstackBANK1  000B7
___aomod@dividend                              cstackBANK1  000AE
___aomod@divisor                               cstackBANK1  000A6
___aomod@sign                                  cstackBANK1  000B8
___fladd                                       text60       002BE
___fladd@a                                     cstackBANK0  00039
___fladd@aexp                                  cstackBANK0  00046
___fladd@b                                     cstackBANK0  00035
___fladd@bexp                                  cstackBANK0  00047
___fladd@grs                                   cstackBANK0  00048
___fladd@signs                                 cstackBANK0  00045
___flge                                        text63       01776
___flge@ff1                                    cstackCOMMON 00070
___flge@ff2                                    cstackCOMMON 00074
___flmul                                       text61       00067
___flmul@a                                     cstackBANK0  00024
___flmul@aexp                                  cstackBANK0  0002D
___flmul@b                                     cstackBANK0  00020
___flmul@bexp                                  cstackBANK0  0002E
___flmul@grs                                   cstackBANK0  00029
___flmul@prod                                  cstackBANK0  0002F
___flmul@sign                                  cstackBANK0  00028
___flmul@temp                                  cstackBANK0  00033
___flsub                                       text59       01250
___flsub@a                                     cstackBANK0  00049
___flsub@b                                     cstackBANK0  0004D
___fltol                                       text58       0167A
___fltol@exp1                                  cstackCOMMON 0007A
___fltol@f1                                    cstackCOMMON 00070
___fltol@sign1                                 cstackCOMMON 00079
___int_sp                                      stack        00000
___latbits                                     (abs)        00002
___lmul                                        text54       013F7
___lmul@multiplicand                           cstackCOMMON 00074
___lmul@multiplier                             cstackCOMMON 00070
___lmul@product                                cstackCOMMON 00078
___sp                                          stack        00000
___stackhi                                     (abs)        023EF
___stacklo                                     (abs)        02173
___wmul                                        text14       01270
___wmul@multiplicand                           cstackBANK1  000A8
___wmul@multiplier                             cstackBANK1  000A6
___wmul@product                                cstackBANK1  000AA
___xxtofl                                      text57       008E3
___xxtofl@arg                                  cstackCOMMON 0007A
___xxtofl@exp                                  cstackCOMMON 00079
___xxtofl@sign                                 cstackCOMMON 00078
___xxtofl@val                                  cstackCOMMON 00070
__end_of_EUSART_Initialize                     text43       0131F
__end_of_EUSART_Read                           text3        010FE
__end_of_EUSART_SetErrorHandler                text46       0109D
__end_of_EUSART_SetFramingErrorHandler         text45       010A6
__end_of_EUSART_SetOverrunErrorHandler         text44       010AF
__end_of_EUSART_Write                          text27       010EE
__end_of_INTERRUPT_InterruptManager            intentry     00026
__end_of_IOCAF0_DefaultInterruptHandler        text66       00004
__end_of_IOCAF0_ISR                            text65       012FA
__end_of_IOCAF0_SetInterruptHandler            text41       010B8
__end_of_Motor_ApplyPWM                        text31       01399
__end_of_Motor_Start                           text16       013F7
__end_of_Motor_Stop                            text15       013C5
__end_of_OSCILLATOR_Initialize                 text42       0107D
__end_of_PID_Compute                           text56       00D47
__end_of_PIN_MANAGER_IOC                       text64       01094
__end_of_PIN_MANAGER_Initialize                text40       015C5
__end_of_PWM3_Initialize                       text39       010CC
__end_of_PWM3_LoadDutyValue                    text33       011AC
__end_of_PWM4_Initialize                       text38       010D7
__end_of_PWM4_LoadDutyValue                    text32       011C5
__end_of_SYSTEM_Initialize                     text34       01165
__end_of_TMR2_Initialize                       text37       010E2
__end_of_TMR3_DefaultInterruptHandler          text50       01776
__end_of_TMR3_ISR                              text48       0117C
__end_of_TMR3_Initialize                       text35       01231
__end_of_TMR3_SetInterruptHandler              text36       010C1
__end_of_TMR3_WriteTimer                       text49       0110F
__end_of_UART_CommandProcess                   text1        01580
__end_of__Umul8_16                             text62       012D5
__end_of___aldiv                               text55       008E3
__end_of___aodiv                               text30       007DE
__end_of___aomod                               text29       00BFE
__end_of___fladd                               text60       004F6
__end_of___flge                                text63       01800
__end_of___flmul                               text61       002BE
__end_of___flsub                               text59       01270
__end_of___fltol                               text58       016EE
__end_of___lmul                                text54       0142A
__end_of___wmul                                text14       01290
__end_of___xxtofl                              text57       0098F
__end_of__initialization                       cinit        00063
__end_of_abs                                   text28       01214
__end_of_atoi                                  text11       00A3D
__end_of_dtoa                                  text21       01000
__end_of_executeCommand                        text4        006D9
__end_of_fputc                                 text25       0153C
__end_of_fputs                                 text24       0136F
__end_of_getch                                 text2        0106A
__end_of_isdigit                               text13       011DE
__end_of_isspace                               text12       012B2
__end_of_main                                  maintext     00800
__end_of_pad                                   text22       0161E
__end_of_printf                                text17       01193
__end_of_putch                                 text26       01084
__end_of_stoa                                  text20       00B11
__end_of_strchr                                text8        01250
__end_of_strcmp                                text10       0145D
__end_of_strcspn                               text7        01491
__end_of_strlen                                text23       011F8
__end_of_strncmp                               text9        0167A
__end_of_strspn                                text6        014C5
__end_of_strtok                                text5        00853
__end_of_vfpfcnvrt                             text19       00E94
__end_of_vfprintf                              text18       014FB
__end_ofi1_Motor_ApplyPWM                      text51       01346
__end_ofi1_PWM3_LoadDutyValue                  text53       01139
__end_ofi1_PWM4_LoadDutyValue                  text52       0114F
__initialization                               cinit        00028
__pbssBANK0                                    bssBANK0     0006A
__pbssBANK1                                    bssBANK1     000E4
__pbssBANK2                                    bssBANK2     00144
__pbssBANK3                                    bssBANK3     001A0
__pbssBANK4                                    bssBANK4     00220
__pcstackBANK0                                 cstackBANK0  00020
__pcstackBANK1                                 cstackBANK1  000A0
__pcstackBANK2                                 cstackBANK2  00120
__pcstackBANK4                                 cstackBANK4  00240
__pcstackCOMMON                                cstackCOMMON 00070
__pdataBANK2                                   dataBANK2    0015B
__pdataBANK3                                   dataBANK3    001C6
__pidataBANK2                                  idataBANK2   01084
__pidataBANK3                                  idataBANK3   0110F
__pintentry                                    intentry     00004
__pmaintext                                    maintext     007DE
__pnvBANK2                                     nvBANK2      00153
__pnvBANK3                                     nvBANK3      001DA
__pstringtext1                                 stringtext1  01800
__pstringtext10                                stringtext10 0191C
__pstringtext11                                stringtext11 01933
__pstringtext12                                stringtext12 0194A
__pstringtext13                                stringtext13 0195F
__pstringtext14                                stringtext14 01974
__pstringtext15                                stringtext15 01984
__pstringtext16                                stringtext16 01993
__pstringtext17                                stringtext17 019A1
__pstringtext18                                stringtext18 019AF
__pstringtext19                                stringtext19 019BB
__pstringtext2                                 stringtext2  0182A
__pstringtext20                                stringtext20 019C7
__pstringtext21                                stringtext21 019D2
__pstringtext22                                stringtext22 019D9
__pstringtext23                                stringtext23 019E0
__pstringtext24                                stringtext24 019E5
__pstringtext25                                stringtext25 019EA
__pstringtext26                                stringtext26 00000
__pstringtext3                                 stringtext3  0184F
__pstringtext4                                 stringtext4  01870
__pstringtext5                                 stringtext5  01890
__pstringtext6                                 stringtext6  018AE
__pstringtext7                                 stringtext7  018CB
__pstringtext8                                 stringtext8  018E7
__pstringtext9                                 stringtext9  01902
__ptext1                                       text1        0153C
__ptext10                                      text10       0142A
__ptext11                                      text11       0098F
__ptext12                                      text12       01290
__ptext13                                      text13       011C5
__ptext14                                      text14       01270
__ptext15                                      text15       01399
__ptext16                                      text16       013C5
__ptext17                                      text17       0117C
__ptext18                                      text18       014C5
__ptext19                                      text19       00D47
__ptext2                                       text2        01066
__ptext20                                      text20       00A3D
__ptext21                                      text21       00E94
__ptext22                                      text22       015C5
__ptext23                                      text23       011DE
__ptext24                                      text24       01346
__ptext25                                      text25       014FB
__ptext26                                      text26       0107D
__ptext27                                      text27       010E2
__ptext28                                      text28       011F8
__ptext29                                      text29       00B11
__ptext3                                       text3        010EE
__ptext30                                      text30       006D9
__ptext31                                      text31       0136F
__ptext32                                      text32       011AC
__ptext33                                      text33       01193
__ptext34                                      text34       0114F
__ptext35                                      text35       01214
__ptext36                                      text36       010B8
__ptext37                                      text37       010D7
__ptext38                                      text38       010CC
__ptext39                                      text39       010C1
__ptext4                                       text4        004F6
__ptext40                                      text40       01580
__ptext41                                      text41       010AF
__ptext42                                      text42       01076
[...]
Total ram usage:       11 bytes
 Hardware stack levels used:    1
 This function calls:
		Nothing
 This function is called by:
		_PID_Compute
 This function uses a non-reentrant model


 *************** function ___flsub *****************
 Defined at:
		line 242 in file "C:\Program Files\Microchip\xc8\v2.30\pic\sources\c99\common\sprcadd.c"
 Parameters:    Size  Location     Type
  a               4   41[BANK0 ] long 
  b               4   45[BANK0 ] long 
 Auto vars:     Size  Location     Type
		None
 Return value:  Size  Location     Type
                  4   41[BANK0 ] long 
 Registers used:
		wreg, status,2, status,0, pclath, cstack
 Tracked objects:
		On entry : 
		On exit  : 
		Unchanged: 
 Data sizes:     COMMON   BANK0   BANK1   BANK2   BANK3   BANK4   BANK5   BANK6   BANK7   BANK8   BANK9  BANK10  BANK11  BANK12
      Params:         0       8       0       0       0       0       0       0       0       0       0       0       0       0
      Locals:         0       0       0       0       0       0       0       0       0       0       0       0       0       0
      Temps:          0       0       0       0       0       0       0       0       0       0       0       0       0       0
      Totals:         0       8       0       0       0       0       0       0       0       0       0       0       0       0
Total ram usage:        8 bytes
 Hardware stack levels used:    1
 Hardware stack levels required when called:    1
 This function calls:
		___fladd
 This function is called by:
		_PID_Compute
 This function uses a non-reentrant model


 *************** function ___fladd *****************
 Defined at:
		line 10 in file "C:\Program Files\Microchip\xc8\v2.30\pic\sources\c99\common\sprcadd.c"
 Parameters:    Size  Location     Type
  b               4   21[BANK0 ] long 
  a               4   25[BANK0 ] long 
 Auto vars:     Size  Location     Type
  grs             1   40[BANK0 ] unsigned char 
  bexp            1   39[BANK0 ] unsigned char 
  aexp            1   38[BANK0 ] unsigned char 
  signs           1   37[BANK0 ] unsigned char 
 Return value:  Size  Location     Type
                  4   21[BANK0 ] unsigned char 
 Registers used:
		wreg, status,2, status,0
 Tracked objects:
		On entry : 
		On exit  : 
		Unchanged: 
 Data sizes:     COMMON   BANK0   BANK1   BANK2   BANK3   BANK4   BANK5   BANK6   BANK7   BANK8   BANK9  BANK10  BANK11  BANK12
      Params:         0       8       0       0       0       0       0       0       0       0       0       0       0       0
      Locals:         0       4       0       0       0       0       0       0       0       0       0       0       0       0
      Temps:          0       8       0       0       0       0       0       0       0       0       0       0       0       0
      Totals:         0      20       0       0       0       0       0       0       0       0       0       0       0       0
Total ram usage:       20 bytes
 Hardware stack levels used:    1
 This function calls:
		Nothing
 This function is called by:
		_PID_Compute
		___flsub
 This function uses a non-reentrant model


 *************** function ___flmul *****************
 Defined at:
		line 8 in file "C:\Program Files\Microchip\xc8\v2.30\pic\sources\c99\common\sprcmul.c"
 Parameters:    Size  Location     Type
  b               4    0[BANK0 ] unsigned char 
  a               4    4[BANK0 ] unsigned char 
 Auto vars:     Size  Location     Type
  prod            4   15[BANK0 ] struct .
  grs             4    9[BANK0 ] unsigned long 
  temp            2   19[BANK0 ] struct .
  bexp            1   14[BANK0 ] unsigned char 
  aexp            1   13[BANK0 ] unsigned char 
  sign            1    8[BANK0 ] unsigned char 
 Return value:  Size  Location     Type
                  4    0[BANK0 ] unsigned char 
 Registers used:
		wreg, status,2, status,0, pclath, cstack
 Tracked objects:
		On entry : 
		On exit  : 
		Unchanged: 
 Data sizes:     COMMON   BANK0   BANK1   BANK2   BANK3   BANK4   BANK5   BANK6   BANK7   BANK8   BANK9  BANK10  BANK11  BANK12
      Params:         0       8       0       0       0       0       0       0       0       0       0       0       0       0
      Locals:         0      13       0       0       0       0       0       0       0       0       0       0       0       0
      Temps:          5       0       0       0       0       0       0       0       0       0       0       0       0       0
      Totals:         5      21       0       0       0       0       0       0       0       0       0       0       0       0
Total ram usage:       26 bytes
 Hardware stack levels used:    1
 Hardware stack levels required when called:    1
 This function calls:
		__Umul8_16
 This function is called by:
		_PID_Compute
 This function uses a non-reentrant model


 *************** function __Umul8_16 *****************
 Defined at:
		line 4 in file "C:\Program Files\Microchip\xc8\v2.30\pic\sources\c99\common\Umul8_16.c"
 Parameters:    Size  Location     Type
  multiplier      1    wreg     unsigned char 
  multiplicand    1    0[COMMON] unsigned char 
 Auto vars:     Size  Location     Type
  multiplier      1    8[COMMON] unsigned char 
  word_mpld       2    6[COMMON] unsigned int 
  product         2    4[COMMON] unsigned int 
 Return value:  Size  Location     Type
                  2    0[COMMON] unsigned int 
 Registers used:
		wreg, status,2, status,0
 Tracked objects:
		On entry : 
		On exit  : 
		Unchanged: 
 Data sizes:     COMMON   BANK0   BANK1   BANK2   BANK3   BANK4   BANK5   BANK6   BANK7   BANK8   BANK9  BANK10  BANK11  BANK12
      Params:         2       0       0       0       0       0       0       0       0       0       0       0       0       0
      Locals:         5       0       0       0       0       0       0       0       0       0       0       0       0       0
      Temps:          2       0       0       0       0       0       0       0       0       0       0       0       0       0
      Totals:         9       0       0       0       0       0       0       0       0       0       0       0       0       0
Total ram usage:        9 bytes
 Hardware stack levels used:    1
 This function calls:
		Nothing
 This function is called by:
		___flmul
 This function uses a non-reentrant model


 *************** function ___flge *****************
 Defined at:
		line 4 in file "C:\Program Files\Microchip\xc8\v2.30\pic\sources\c99\common\flge.c"
 Parameters:    Size  Location     Type
  ff1             4    0[COMMON] unsigned int 
  ff2             4    4[COMMON] unsigned int 
 Auto vars:     Size  Location     Type
		None
 Return value:  Size  Location     Type
		None               void
 Registers used:
		wreg, status,2, status,0
 Tracked objects:
		On entry : 
		On exit  : 
		Unchanged: 
 Data sizes:     COMMON   BANK0   BANK1   BANK2   BANK3   BANK4   BANK5   BANK6   BANK7   BANK8   BANK9  BANK10  BANK11  BANK12
      Params:         8       0       0       0       0       0       0       0       0       0       0       0       0       0
      Locals:         0       0       0       0       0       0       0       0       0       0       0       0       0       0
      Temps:          4       0       0       0       0       0       0       0       0       0       0       0       0       0
      Totals:        12       0       0       0       0       0       0       0       0       0       0       0       0       0
Total ram usage:       12 bytes
 Hardware stack levels used:    1
 This function calls:
		Nothing
 This function is called by:
		_PID_Compute
 This function uses a non-reentrant model


 *************** function _PIN_MANAGER_IOC *****************
 Defined at:
		line 135 in file "mcc_generated_files/pin_manager.c"
 Parameters:    Size  Location     Type
		None
 Auto vars:     Size  Location     Type
		None
 Return value:  Size  Location     Type
                  1    wreg      void 
 Registers used:
		wreg, status,2, status,0, pclath, cstack
 Tracked objects:
		On entry : 
		On exit  : 
		Unchanged: 
 Data sizes:     COMMON   BANK0   BANK1   BANK2   BANK3   BANK4   BANK5   BANK6   BANK7   BANK8   BANK9  BANK10  BANK11  BANK12
      Params:         0       0       0       0       0       0       0       0       0       0       0       0       0       0
      Locals:         0       0       0       0       0       0       0       0       0       0       0       0       0       0
      Temps:          0       0       0       0       0       0       0       0       0       0       0       0       0       0
      Totals:         0       0       0       0       0       0       0       0       0       0       0       0       0       0
Total ram usage:        0 bytes
 Hardware stack levels used:    1
 Hardware stack levels required when called:    2
 This function calls:
		_IOCAF0_ISR
 This function is called by:
		_INTERRUPT_InterruptManager
 This function uses a non-reentrant model


 *************** function _IOCAF0_ISR *****************
 Defined at:
		line 147 in file "mcc_generated_files/pin_manager.c"
 Parameters:    Size  Location     Type
		None
 Auto vars:     Size  Location     Type
		None
 Return value:  Size  Location     Type
                  1    wreg      void 
 Registers used:
		wreg, status,2, status,0, pclath, cstack
 Tracked objects:
		On entry : 
		On exit  : 
		Unchanged: 
 Data sizes:     COMMON   BANK0   BANK1   BANK2   BANK3   BANK4   BANK5   BANK6   BANK7   BANK8   BANK9  BANK10  BANK11  BANK12
      Params:         0       0       0       0       0       0       0       0       0       0       0       0       0       0
      Locals:         0       0       0       0       0       0       0       0       0       0       0       0       0       0
      Temps:          0       0       0       0       0       0       0       0       0       0       0       0       0       0
      Totals:         0       0       0       0       0       0       0       0       0       0       0       0       0       0
Total ram usage:        0 bytes
 Hardware stack levels used:    1
 Hardware stack levels required when called:    1
 This function calls:
		Absolute function
		_IOCAF0_DefaultInterruptHandler
 This function is called by:
		_PIN_MANAGER_IOC
 This function uses a non-reentrant model


 *************** function _IOCAF0_DefaultInterruptHandler *****************
 Defined at:
		line 177 in file "mcc_generated_files/pin_manager.c"
 Parameters:    Size  Location     Type
		None
 Auto vars:     Size  Location     Type
		None
 Return value:  Size  Location     Type
                  1    wreg      void 
 Registers used:
		None
 Tracked objects:
		On entry : 
		On exit  : 
		Unchanged: 
 Data sizes:     COMMON   BANK0   BANK1   BANK2   BANK3   BANK4   BANK5   BANK6   BANK7   BANK8   BANK9  BANK10  BANK11  BANK12
      Params:         0       0       0       0       0       0       0       0       0       0       0       0       0       0
      Locals:         0       0       0       0       0       0       0       0       0       0       0       0       0       0
      Temps:          0       0       0       0       0       0       0       0       0       0       0       0       0       0
      Totals:         0       0       0       0       0       0       0       0       0       0       0       0       0       0
Total ram usage:        0 bytes
 Hardware stack levels used:    1
 This function calls:
		Nothing
 This function is called by:
		_PIN_MANAGER_Initialize
		_IOCAF0_ISR
 This function uses a non-reentrant model



MODULE INFORMATION

Module		Function		Class		Link	Load	Size
C:\Program Files\Microchip\xc8\v2.30\pic\sources\c99\common\aomod.c
		___aomod       		CODE           	0B11	0000	237

C:\Program Files\Microchip\xc8\v2.30\pic\sources\c99\common\aomod.c estimated size: 237

C:\Program Files\Microchip\xc8\v2.30\pic\sources\c99\common\sprcmul.c
		___flmul       		CODE           	0067	0000	599

C:\Program Files\Microchip\xc8\v2.30\pic\sources\c99\common\sprcmul.c estimated size: 599

C:\Program Files\Microchip\xc8\v2.30\pic\sources\c99\common\abs.c
		_abs           		CODE           	11F8	0000	28

C:\Program Files\Microchip\xc8\v2.30\pic\sources\c99\common\abs.c estimated size: 28

C:\Program Files\Microchip\xc8\v2.30\pic\sources\c99\common\atoi.c
		_atoi          		CODE           	098F	0000	174

C:\Program Files\Microchip\xc8\v2.30\pic\sources\c99\common\atoi.c estimated size: 174

C:\Program Files\Microchip\xc8\v2.30\pic\sources\c99\common\doprnt.c
		_vfpfcnvrt     		CODE           	0D47	0000	333
		_pad           		CODE           	15C5	0000	89
		_dtoa          		CODE           	0E94	0000	364
		_vfprintf      		CODE           	14C5	0000	54
		_stoa          		CODE           	0A3D	0000	212

C:\Program Files\Microchip\xc8\v2.30\pic\sources\c99\common\doprnt.c estimated size: 1052

C:\Program Files\Microchip\xc8\v2.30\pic\sources\c99\common\isdigit.c
		_isdigit       		CODE           	11C5	0000	25

C:\Program Files\Microchip\xc8\v2.30\pic\sources\c99\common\isdigit.c estimated size: 25

mcc_generated_files/pwm4.c
		_PWM4_Initialize		CODE           	10CC	0000	11
		_PWM4_LoadDutyValue		CODE           	11AC	0000	25

mcc_generated_files/pwm4.c estimated size: 36

C:\Program Files\Microchip\xc8\v2.30\pic\sources\c99\common\nf_fputs.c
		_fputs         		CODE           	1346	0000	41

C:\Program Files\Microchip\xc8\v2.30\pic\sources\c99\common\nf_fputs.c estimated size: 41

mcc_generated_files/tmr2.c
		_TMR2_Initialize		CODE           	10D7	0000	11

mcc_generated_files/tmr2.c estimated size: 11

mcc_generated_files/interrupt_manager.c
		_INTERRUPT_InterruptManager		CODE           	0004	0000	34

mcc_generated_files/interrupt_manager.c estimated size: 34

C:\Program Files\Microchip\xc8\v2.30\pic\sources\c99\common\Umul16.c
		___wmul        		CODE           	1270	0000	32

C:\Program Files\Microchip\xc8\v2.30\pic\sources\c99\common\Umul16.c estimated size: 32

C:\Program Files\Microchip\xc8\v2.30\pic\sources\c99\common\Umul8_16.c
		__Umul8_16     		CODE           	12B2	0000	35

C:\Program Files\Microchip\xc8\v2.30\pic\sources\c99\common\Umul8_16.c estimated size: 35

C:\Program Files\Microchip\xc8\v2.30\pic\sources\c99\common\strcspn.c
		_strcspn       		CODE           	145D	0000	52

C:\Program Files\Microchip\xc8\v2.30\pic\sources\c99\common\strcspn.c estimated size: 52

mcc_generated_files/pin_manager.c
		_PIN_MANAGER_Initialize		CODE           	1580	0000	69
		_IOCAF0_SetInterruptHandler		CODE           	10AF	0000	9
		_PIN_MANAGER_IOC		CODE           	108B	0000	9
		_IOCAF0_DefaultInterruptHandler		CODE           	0003	0000	1
		_IOCAF0_ISR    		CODE           	12D5	0000	37

mcc_generated_files/pin_manager.c estimated size: 125

C:\Program Files\Microchip\xc8\v2.30\pic\sources\c99\common\aodiv.c
		___aodiv       		CODE           	06D9	0000	261

C:\Program Files\Microchip\xc8\v2.30\pic\sources\c99\common\aodiv.c estimated size: 261

uart_cmd_proc.c
		_executeCommand		CODE           	04F6	0000	483
		_UART_CommandProcess		CODE           	153C	0000	68

uart_cmd_proc.c estimated size: 551

C:\Program Files\Microchip\xc8\v2.30\pic\sources\c99\common\strtok.c
		_strtok        		CODE           	0800	0000	83

C:\Program Files\Microchip\xc8\v2.30\pic\sources\c99\common\strtok.c estimated size: 83

motor_ctrl.c
		_Motor_ApplyPWM		CODE           	136F	0000	42
		_Motor_Stop    		CODE           	1399	0000	44
		_Motor_Start   		CODE           	13C5	0000	50
		_PID_Compute   		CODE           	0BFE	0000	329

motor_ctrl.c estimated size: 465

C:\Program Files\Microchip\xc8\v2.30\pic\sources\c99\common\sprcadd.c
		___flsub       		CODE           	1250	0000	32
		___fladd       		CODE           	02BE	0000	568

C:\Program Files\Microchip\xc8\v2.30\pic\sources\c99\common\sprcadd.c estimated size: 600

C:\Program Files\Microchip\xc8\v2.30\pic\sources\c99\common\fltol.c
		___fltol       		CODE           	167A	0000	116

C:\Program Files\Microchip\xc8\v2.30\pic\sources\c99\common\fltol.c estimated size: 116

C:\Program Files\Microchip\xc8\v2.30\pic\sources\c99\common\Umul32.c
		___lmul        		CODE           	13F7	0000	51

C:\Program Files\Microchip\xc8\v2.30\pic\sources\c99\common\Umul32.c estimated size: 51

C:\Program Files\Microchip\xc8\v2.30\pic\sources\c99\common\aldiv.c
		___aldiv       		CODE           	0853	0000	144

C:\Program Files\Microchip\xc8\v2.30\pic\sources\c99\common\aldiv.c estimated size: 144

C:\Program Files\Microchip\xc8\v2.30\pic\sources\c99\common\xxtofl.c
		___xxtofl      		CODE           	08E3	0000	172

C:\Program Files\Microchip\xc8\v2.30\pic\sources\c99\common\xxtofl.c estimated size: 172

C:\Program Files\Microchip\xc8\v2.30\pic\sources\c99\common\printf.c
		_printf        		CODE           	117C	0000	23

C:\Program Files\Microchip\xc8\v2.30\pic\sources\c99\common\printf.c estimated size: 23

shared
		i1_Motor_ApplyPWM		CODE           	131F	0000	39
		i1_PWM4_LoadDutyValue		CODE           	1139	0000	22
		__initialization		CODE           	0028	0000	59
		i1_PWM3_LoadDutyValue		CODE           	1123	0000	22

shared estimated size: 142

C:\Program Files\Microchip\xc8\v2.30\pic\sources\c99\common\nf_fputc.c
		_fputc         		CODE           	14FB	0000	65

C:\Program Files\Microchip\xc8\v2.30\pic\sources\c99\common\nf_fputc.c estimated size: 65

C:\Program Files\Microchip\xc8\v2.30\pic\sources\c99\common\flge.c
		___flge        		CODE           	1776	0000	138

C:\Program Files\Microchip\xc8\v2.30\pic\sources\c99\common\flge.c estimated size: 138

mcc_generated_files/mcc.c
		_OSCILLATOR_Initialize		CODE           	1076	0000	7
		_SYSTEM_Initialize		CODE           	114F	0000	22

mcc_generated_files/mcc.c estimated size: 29

mcc_generated_files/tmr3.c
		_TMR3_ISR      		CODE           	1165	0000	23
		_TMR3_Initialize		CODE           	1214	0000	29
		_TMR3_SetInterruptHandler		CODE           	10B8	0000	9
		_TMR3_DefaultInterruptHandler		CODE           	16EE	0000	136
		_TMR3_WriteTimer		CODE           	10FE	0000	17

mcc_generated_files/tmr3.c estimated size: 214

C:\Program Files\Microchip\xc8\v2.30\pic\sources\c99\common\strlen.c
		_strlen        		CODE           	11DE	0000	26

C:\Program Files\Microchip\xc8\v2.30\pic\sources\c99\common\strlen.c estimated size: 26

mcc_generated_files/pwm3.c
		_PWM3_Initialize		CODE           	10C1	0000	11
		_PWM3_LoadDutyValue		CODE           	1193	0000	25

mcc_generated_files/pwm3.c estimated size: 36

C:\Program Files\Microchip\xc8\v2.30\pic\sources\c99\common\strcmp.c
		_strcmp        		CODE           	142A	0000	51

C:\Program Files\Microchip\xc8\v2.30\pic\sources\c99\common\strcmp.c estimated size: 51

C:\Program Files\Microchip\xc8\v2.30\pic\sources\c99\common\strchr.c
		_strchr        		CODE           	1231	0000	31

C:\Program Files\Microchip\xc8\v2.30\pic\sources\c99\common\strchr.c estimated size: 31

mcc_generated_files/eusart.c
		_putch         		CODE           	107D	0000	7
		_EUSART_Read   		CODE           	10EE	0000	16
		_EUSART_Write  		CODE           	10E2	0000	12
		_EUSART_Initialize		CODE           	12FA	0000	37
		_EUSART_SetFramingErrorHandler		CODE           	109D	0000	9
		_EUSART_SetErrorHandler		CODE           	1094	0000	9
		_EUSART_SetOverrunErrorHandler		CODE           	10A6	0000	9
		_getch         		CODE           	1066	0000	4

mcc_generated_files/eusart.c estimated size: 103

C:\Program Files\Microchip\xc8\v2.30\pic\sources\c99\common\isspace.c
		_isspace       		CODE           	1290	0000	34

C:\Program Files\Microchip\xc8\v2.30\pic\sources\c99\common\isspace.c estimated size: 34

main.c
		_main          		CODE           	07DE	0000	34

main.c estimated size: 34

C:\Program Files\Microchip\xc8\v2.30\pic\sources\c99\common\strspn.c
		_strspn        		CODE           	1491	0000	52

C:\Program Files\Microchip\xc8\v2.30\pic\sources\c99\common\strspn.c estimated size: 52

C:\Program Files\Microchip\xc8\v2.30\pic\sources\c99\common\strncmp.c
		_strncmp       		CODE           	161E	0000	92

C:\Program Files\Microchip\xc8\v2.30\pic\sources\c99\common\strncmp.c estimated size: 92

